Archive member included to satisfy reference by file (symbol)

/mnt/F/important_linux_tools/Microchip_Tools/xc8/v3.10/avr/bin/../lib/gcc/avr/5.4.0/../../../../avr/lib/avr5/libm.a(fixunssfsi.o)
                              build/default/production/carmain.o (__fixunssfsi)
/mnt/F/important_linux_tools/Microchip_Tools/xc8/v3.10/avr/bin/../lib/gcc/avr/5.4.0/../../../../avr/lib/avr5/libm.a(floatsisf.o)
                              build/default/production/carmain.o (__floatunsisf)
/mnt/F/important_linux_tools/Microchip_Tools/xc8/v3.10/avr/bin/../lib/gcc/avr/5.4.0/../../../../avr/lib/avr5/libm.a(fp_split3.o)
                              /mnt/F/important_linux_tools/Microchip_Tools/xc8/v3.10/avr/bin/../lib/gcc/avr/5.4.0/../../../../avr/lib/avr5/libm.a(fixunssfsi.o) (__fp_splitA)
/mnt/F/important_linux_tools/Microchip_Tools/xc8/v3.10/avr/bin/../lib/gcc/avr/5.4.0/../../../../avr/lib/avr5/libm.a(fp_zero.o)
                              /mnt/F/important_linux_tools/Microchip_Tools/xc8/v3.10/avr/bin/../lib/gcc/avr/5.4.0/../../../../avr/lib/avr5/libm.a(fixunssfsi.o) (__fp_zero)
/mnt/F/important_linux_tools/Microchip_Tools/xc8/v3.10/avr/bin/../lib/gcc/avr/5.4.0/../../../../avr/lib/avr5/libm.a(mulsf3.o)
                              build/default/production/carmain.o (__mulsf3)
/mnt/F/important_linux_tools/Microchip_Tools/xc8/v3.10/avr/bin/../lib/gcc/avr/5.4.0/../../../../avr/lib/avr5/libm.a(mulsf3x.o)
                              /mnt/F/important_linux_tools/Microchip_Tools/xc8/v3.10/avr/bin/../lib/gcc/avr/5.4.0/../../../../avr/lib/avr5/libm.a(mulsf3.o) (__mulsf3x)
/mnt/F/important_linux_tools/Microchip_Tools/xc8/v3.10/avr/bin/../lib/gcc/avr/5.4.0/../../../../avr/lib/avr5/libm.a(fp_inf.o)
                              /mnt/F/important_linux_tools/Microchip_Tools/xc8/v3.10/avr/bin/../lib/gcc/avr/5.4.0/../../../../avr/lib/avr5/libm.a(mulsf3x.o) (__fp_inf)
/mnt/F/important_linux_tools/Microchip_Tools/xc8/v3.10/avr/bin/../lib/gcc/avr/5.4.0/../../../../avr/lib/avr5/libm.a(fp_nan.o)
                              /mnt/F/important_linux_tools/Microchip_Tools/xc8/v3.10/avr/bin/../lib/gcc/avr/5.4.0/../../../../avr/lib/avr5/libm.a(mulsf3x.o) (__fp_nan)
/mnt/F/important_linux_tools/Microchip_Tools/xc8/v3.10/avr/bin/../lib/gcc/avr/5.4.0/../../../../avr/lib/avr5/libm.a(fp_pscA.o)
                              /mnt/F/important_linux_tools/Microchip_Tools/xc8/v3.10/avr/bin/../lib/gcc/avr/5.4.0/../../../../avr/lib/avr5/libm.a(mulsf3x.o) (__fp_pscA)
/mnt/F/important_linux_tools/Microchip_Tools/xc8/v3.10/avr/bin/../lib/gcc/avr/5.4.0/../../../../avr/lib/avr5/libm.a(fp_pscB.o)
                              /mnt/F/important_linux_tools/Microchip_Tools/xc8/v3.10/avr/bin/../lib/gcc/avr/5.4.0/../../../../avr/lib/avr5/libm.a(mulsf3x.o) (__fp_pscB)
/mnt/F/important_linux_tools/Microchip_Tools/xc8/v3.10/avr/bin/../lib/gcc/avr/5.4.0/../../../../avr/lib/avr5/libm.a(fp_round.o)
                              /mnt/F/important_linux_tools/Microchip_Tools/xc8/v3.10/avr/bin/../lib/gcc/avr/5.4.0/../../../../avr/lib/avr5/libm.a(mulsf3.o) (__fp_round)
/mnt/F/important_linux_tools/Microchip_Tools/xc8/v3.10/avr/bin/../lib/gcc/avr/5.4.0/avr5/libgcc.a(_copy_data.o)
                              build/default/production/carmain.o (__do_copy_data)
/mnt/F/important_linux_tools/Microchip_Tools/xc8/v3.10/avr/bin/../lib/gcc/avr/5.4.0/avr5/libgcc.a(_umulhisi3.o)
                              build/default/production/carmain.o (__umulhisi3)
/mnt/F/important_linux_tools/Microchip_Tools/xc8/v3.10/avr/bin/../lib/gcc/avr/5.4.0/../../../../avr/lib/avr5/libc.a(exit.o)
                              /mnt/F/important_linux_tools/Microchip_Tools/mplabx/v6.30/packs/Microchip/ATmega_DFP/3.5.296/xc8/avr/lib/avr5/crtatmega32.o (exit)
/mnt/F/important_linux_tools/Microchip_Tools/xc8/v3.10/avr/bin/../lib/gcc/avr/5.4.0/../../../../avr/lib/avr5/libc.a(__sio_sprintf_doux.o)
                              build/default/production/carmain.o (_sprintf_cdopuxX)
/mnt/F/important_linux_tools/Microchip_Tools/xc8/v3.10/avr/bin/../lib/gcc/avr/5.4.0/../../../../avr/lib/avr5/libc.a(__fmt_d.o)
                              /mnt/F/important_linux_tools/Microchip_Tools/xc8/v3.10/avr/bin/../lib/gcc/avr/5.4.0/../../../../avr/lib/avr5/libc.a(__sio_sprintf_doux.o) (__fmt_d_needed)
/mnt/F/important_linux_tools/Microchip_Tools/xc8/v3.10/avr/bin/../lib/gcc/avr/5.4.0/../../../../avr/lib/avr5/libc.a(__fmt_o.o)
                              /mnt/F/important_linux_tools/Microchip_Tools/xc8/v3.10/avr/bin/../lib/gcc/avr/5.4.0/../../../../avr/lib/avr5/libc.a(__sio_sprintf_doux.o) (__fmt_o_needed)
/mnt/F/important_linux_tools/Microchip_Tools/xc8/v3.10/avr/bin/../lib/gcc/avr/5.4.0/../../../../avr/lib/avr5/libc.a(__fmt_s.o)
                              /mnt/F/important_linux_tools/Microchip_Tools/xc8/v3.10/avr/bin/../lib/gcc/avr/5.4.0/../../../../avr/lib/avr5/libc.a(__sio_sprintf_doux.o) (__fmt_s_needed)
/mnt/F/important_linux_tools/Microchip_Tools/xc8/v3.10/avr/bin/../lib/gcc/avr/5.4.0/../../../../avr/lib/avr5/libc.a(__fmt_u.o)
                              /mnt/F/important_linux_tools/Microchip_Tools/xc8/v3.10/avr/bin/../lib/gcc/avr/5.4.0/../../../../avr/lib/avr5/libc.a(__fmt_d.o) (__cvt_u)
/mnt/F/important_linux_tools/Microchip_Tools/xc8/v3.10/avr/bin/../lib/gcc/avr/5.4.0/../../../../avr/lib/avr5/libc.a(__fmt_x.o)
                              /mnt/F/important_linux_tools/Microchip_Tools/xc8/v3.10/avr/bin/../lib/gcc/avr/5.4.0/../../../../avr/lib/avr5/libc.a(__sio_sprintf_doux.o) (__fmt_x_needed)
/mnt/F/important_linux_tools/Microchip_Tools/xc8/v3.10/avr/bin/../lib/gcc/avr/5.4.0/../../../../avr/lib/avr5/libc.a(__pop_int.o)
                              /mnt/F/important_linux_tools/Microchip_Tools/xc8/v3.10/avr/bin/../lib/gcc/avr/5.4.0/../../../../avr/lib/avr5/libc.a(__sio_sprintf_doux.o) (__pop_int_needed)
/mnt/F/important_linux_tools/Microchip_Tools/xc8/v3.10/avr/bin/../lib/gcc/avr/5.4.0/../../../../avr/lib/avr5/libc.a(__printf_core.o)
                              /mnt/F/important_linux_tools/Microchip_Tools/xc8/v3.10/avr/bin/../lib/gcc/avr/5.4.0/../../../../avr/lib/avr5/libc.a(__fmt_d.o) (__pad)
/mnt/F/important_linux_tools/Microchip_Tools/xc8/v3.10/avr/bin/../lib/gcc/avr/5.4.0/../../../../avr/lib/avr5/libc.a(fputc.o)
                              /mnt/F/important_linux_tools/Microchip_Tools/xc8/v3.10/avr/bin/../lib/gcc/avr/5.4.0/../../../../avr/lib/avr5/libc.a(__printf_core.o) (fputc)
/mnt/F/important_linux_tools/Microchip_Tools/xc8/v3.10/avr/bin/../lib/gcc/avr/5.4.0/../../../../avr/lib/avr5/libc.a(strlen.o)
                              /mnt/F/important_linux_tools/Microchip_Tools/xc8/v3.10/avr/bin/../lib/gcc/avr/5.4.0/../../../../avr/lib/avr5/libc.a(__fmt_s.o) (strlen)
/mnt/F/important_linux_tools/Microchip_Tools/xc8/v3.10/avr/bin/../lib/gcc/avr/5.4.0/../../../../avr/lib/avr5/libc.a(tolower.o)
                              /mnt/F/important_linux_tools/Microchip_Tools/xc8/v3.10/avr/bin/../lib/gcc/avr/5.4.0/../../../../avr/lib/avr5/libc.a(__printf_core.o) (tolower)
/mnt/F/important_linux_tools/Microchip_Tools/xc8/v3.10/avr/bin/../lib/gcc/avr/5.4.0/../../../../avr/lib/avr5/libc.a(toupper.o)
                              /mnt/F/important_linux_tools/Microchip_Tools/xc8/v3.10/avr/bin/../lib/gcc/avr/5.4.0/../../../../avr/lib/avr5/libc.a(__fmt_x.o) (toupper)
/mnt/F/important_linux_tools/Microchip_Tools/xc8/v3.10/avr/bin/../lib/gcc/avr/5.4.0/../../../../avr/lib/avr5/libc.a(errno.o)
                              /mnt/F/important_linux_tools/Microchip_Tools/xc8/v3.10/avr/bin/../lib/gcc/avr/5.4.0/../../../../avr/lib/avr5/libc.a(__printf_core.o) (__errno_val)
/mnt/F/important_linux_tools/Microchip_Tools/xc8/v3.10/avr/bin/../lib/gcc/avr/5.4.0/../../../../avr/lib/avr5/libc.a(_Exit.o)
                              /mnt/F/important_linux_tools/Microchip_Tools/xc8/v3.10/avr/bin/../lib/gcc/avr/5.4.0/../../../../avr/lib/avr5/libc.a(exit.o) (_Exit)
/mnt/F/important_linux_tools/Microchip_Tools/xc8/v3.10/avr/bin/../lib/gcc/avr/5.4.0/../../../../avr/lib/avr5/libc.a(__int_vsprintf.o)
                              /mnt/F/important_linux_tools/Microchip_Tools/xc8/v3.10/avr/bin/../lib/gcc/avr/5.4.0/../../../../avr/lib/avr5/libc.a(__sio_sprintf_doux.o) (__vsprintf)
/mnt/F/important_linux_tools/Microchip_Tools/xc8/v3.10/avr/bin/../lib/gcc/avr/5.4.0/../../../../avr/lib/avr5/libc.a(__int_vsnprintf.o)
                              /mnt/F/important_linux_tools/Microchip_Tools/xc8/v3.10/avr/bin/../lib/gcc/avr/5.4.0/../../../../avr/lib/avr5/libc.a(__int_vsprintf.o) (__vsnprintf)
/mnt/F/important_linux_tools/Microchip_Tools/xc8/v3.10/avr/bin/../lib/gcc/avr/5.4.0/../../../../avr/lib/avr5/libc.a(__int_vfprintf.o)
                              /mnt/F/important_linux_tools/Microchip_Tools/xc8/v3.10/avr/bin/../lib/gcc/avr/5.4.0/../../../../avr/lib/avr5/libc.a(__int_vsnprintf.o) (__vfprintf)
/mnt/F/important_linux_tools/Microchip_Tools/xc8/v3.10/avr/bin/../lib/gcc/avr/5.4.0/avr5/libgcc.a(_udivmodsi4.o)
                              /mnt/F/important_linux_tools/Microchip_Tools/xc8/v3.10/avr/bin/../lib/gcc/avr/5.4.0/../../../../avr/lib/avr5/libc.a(__fmt_u.o) (__udivmodsi4)
/mnt/F/important_linux_tools/Microchip_Tools/xc8/v3.10/avr/bin/../lib/gcc/avr/5.4.0/avr5/libgcc.a(_exit.o)
                              /mnt/F/important_linux_tools/Microchip_Tools/xc8/v3.10/avr/bin/../lib/gcc/avr/5.4.0/../../../../avr/lib/avr5/libc.a(_Exit.o) (_exit)
/mnt/F/important_linux_tools/Microchip_Tools/xc8/v3.10/avr/bin/../lib/gcc/avr/5.4.0/avr5/libgcc.a(_prologue.o)
                              /mnt/F/important_linux_tools/Microchip_Tools/xc8/v3.10/avr/bin/../lib/gcc/avr/5.4.0/../../../../avr/lib/avr5/libc.a(__sio_sprintf_doux.o) (__prologue_saves__)
/mnt/F/important_linux_tools/Microchip_Tools/xc8/v3.10/avr/bin/../lib/gcc/avr/5.4.0/avr5/libgcc.a(_epilogue.o)
                              /mnt/F/important_linux_tools/Microchip_Tools/xc8/v3.10/avr/bin/../lib/gcc/avr/5.4.0/../../../../avr/lib/avr5/libc.a(__sio_sprintf_doux.o) (__epilogue_restores__)

Allocating common symbols
Common symbol       size              file

__errno_val         0x2               /mnt/F/important_linux_tools/Microchip_Tools/xc8/v3.10/avr/bin/../lib/gcc/avr/5.4.0/../../../../avr/lib/avr5/libc.a(errno.o)

Discarded input sections

 .data          0x0000000000000000        0x0 /mnt/F/important_linux_tools/Microchip_Tools/mplabx/v6.30/packs/Microchip/ATmega_DFP/3.5.296/xc8/avr/lib/avr5/crtatmega32.o
 .bss           0x0000000000000000        0x0 /mnt/F/important_linux_tools/Microchip_Tools/mplabx/v6.30/packs/Microchip/ATmega_DFP/3.5.296/xc8/avr/lib/avr5/crtatmega32.o
 .text          0x0000000000000000        0x0 build/default/production/carmain.o
 .data          0x0000000000000000        0x0 build/default/production/carmain.o
 .bss           0x0000000000000000        0x0 build/default/production/carmain.o
 .data          0x0000000000000000        0x0 /mnt/F/important_linux_tools/Microchip_Tools/xc8/v3.10/avr/bin/../lib/gcc/avr/5.4.0/../../../../avr/lib/avr5/libm.a(fixunssfsi.o)
 .bss           0x0000000000000000        0x0 /mnt/F/important_linux_tools/Microchip_Tools/xc8/v3.10/avr/bin/../lib/gcc/avr/5.4.0/../../../../avr/lib/avr5/libm.a(fixunssfsi.o)
 .stack.descriptors
                0x0000000000000000       0x1a /mnt/F/important_linux_tools/Microchip_Tools/xc8/v3.10/avr/bin/../lib/gcc/avr/5.4.0/../../../../avr/lib/avr5/libm.a(fixunssfsi.o)
 .data          0x0000000000000000        0x0 /mnt/F/important_linux_tools/Microchip_Tools/xc8/v3.10/avr/bin/../lib/gcc/avr/5.4.0/../../../../avr/lib/avr5/libm.a(floatsisf.o)
 .bss           0x0000000000000000        0x0 /mnt/F/important_linux_tools/Microchip_Tools/xc8/v3.10/avr/bin/../lib/gcc/avr/5.4.0/../../../../avr/lib/avr5/libm.a(floatsisf.o)
 .stack.descriptors
                0x0000000000000000       0x34 /mnt/F/important_linux_tools/Microchip_Tools/xc8/v3.10/avr/bin/../lib/gcc/avr/5.4.0/../../../../avr/lib/avr5/libm.a(floatsisf.o)
 .data          0x0000000000000000        0x0 /mnt/F/important_linux_tools/Microchip_Tools/xc8/v3.10/avr/bin/../lib/gcc/avr/5.4.0/../../../../avr/lib/avr5/libm.a(fp_split3.o)
 .bss           0x0000000000000000        0x0 /mnt/F/important_linux_tools/Microchip_Tools/xc8/v3.10/avr/bin/../lib/gcc/avr/5.4.0/../../../../avr/lib/avr5/libm.a(fp_split3.o)
 .stack.descriptors
                0x0000000000000000       0x32 /mnt/F/important_linux_tools/Microchip_Tools/xc8/v3.10/avr/bin/../lib/gcc/avr/5.4.0/../../../../avr/lib/avr5/libm.a(fp_split3.o)
 .data          0x0000000000000000        0x0 /mnt/F/important_linux_tools/Microchip_Tools/xc8/v3.10/avr/bin/../lib/gcc/avr/5.4.0/../../../../avr/lib/avr5/libm.a(fp_zero.o)
 .bss           0x0000000000000000        0x0 /mnt/F/important_linux_tools/Microchip_Tools/xc8/v3.10/avr/bin/../lib/gcc/avr/5.4.0/../../../../avr/lib/avr5/libm.a(fp_zero.o)
 .stack.descriptors
                0x0000000000000000       0x2f /mnt/F/important_linux_tools/Microchip_Tools/xc8/v3.10/avr/bin/../lib/gcc/avr/5.4.0/../../../../avr/lib/avr5/libm.a(fp_zero.o)
 .data          0x0000000000000000        0x0 /mnt/F/important_linux_tools/Microchip_Tools/xc8/v3.10/avr/bin/../lib/gcc/avr/5.4.0/../../../../avr/lib/avr5/libm.a(mulsf3.o)
 .bss           0x0000000000000000        0x0 /mnt/F/important_linux_tools/Microchip_Tools/xc8/v3.10/avr/bin/../lib/gcc/avr/5.4.0/../../../../avr/lib/avr5/libm.a(mulsf3.o)
 .stack.descriptors
                0x0000000000000000       0x16 /mnt/F/important_linux_tools/Microchip_Tools/xc8/v3.10/avr/bin/../lib/gcc/avr/5.4.0/../../../../avr/lib/avr5/libm.a(mulsf3.o)
 .data          0x0000000000000000        0x0 /mnt/F/important_linux_tools/Microchip_Tools/xc8/v3.10/avr/bin/../lib/gcc/avr/5.4.0/../../../../avr/lib/avr5/libm.a(mulsf3x.o)
 .bss           0x0000000000000000        0x0 /mnt/F/important_linux_tools/Microchip_Tools/xc8/v3.10/avr/bin/../lib/gcc/avr/5.4.0/../../../../avr/lib/avr5/libm.a(mulsf3x.o)
 .stack.descriptors
                0x0000000000000000       0x31 /mnt/F/important_linux_tools/Microchip_Tools/xc8/v3.10/avr/bin/../lib/gcc/avr/5.4.0/../../../../avr/lib/avr5/libm.a(mulsf3x.o)
 .data          0x0000000000000000        0x0 /mnt/F/important_linux_tools/Microchip_Tools/xc8/v3.10/avr/bin/../lib/gcc/avr/5.4.0/../../../../avr/lib/avr5/libm.a(fp_inf.o)
 .bss           0x0000000000000000        0x0 /mnt/F/important_linux_tools/Microchip_Tools/xc8/v3.10/avr/bin/../lib/gcc/avr/5.4.0/../../../../avr/lib/avr5/libm.a(fp_inf.o)
 .stack.descriptors
                0x0000000000000000       0x16 /mnt/F/important_linux_tools/Microchip_Tools/xc8/v3.10/avr/bin/../lib/gcc/avr/5.4.0/../../../../avr/lib/avr5/libm.a(fp_inf.o)
 .data          0x0000000000000000        0x0 /mnt/F/important_linux_tools/Microchip_Tools/xc8/v3.10/avr/bin/../lib/gcc/avr/5.4.0/../../../../avr/lib/avr5/libm.a(fp_nan.o)
 .bss           0x0000000000000000        0x0 /mnt/F/important_linux_tools/Microchip_Tools/xc8/v3.10/avr/bin/../lib/gcc/avr/5.4.0/../../../../avr/lib/avr5/libm.a(fp_nan.o)
 .stack.descriptors
                0x0000000000000000       0x16 /mnt/F/important_linux_tools/Microchip_Tools/xc8/v3.10/avr/bin/../lib/gcc/avr/5.4.0/../../../../avr/lib/avr5/libm.a(fp_nan.o)
 .data          0x0000000000000000        0x0 /mnt/F/important_linux_tools/Microchip_Tools/xc8/v3.10/avr/bin/../lib/gcc/avr/5.4.0/../../../../avr/lib/avr5/libm.a(fp_pscA.o)
 .bss           0x0000000000000000        0x0 /mnt/F/important_linux_tools/Microchip_Tools/xc8/v3.10/avr/bin/../lib/gcc/avr/5.4.0/../../../../avr/lib/avr5/libm.a(fp_pscA.o)
 .stack.descriptors
                0x0000000000000000       0x17 /mnt/F/important_linux_tools/Microchip_Tools/xc8/v3.10/avr/bin/../lib/gcc/avr/5.4.0/../../../../avr/lib/avr5/libm.a(fp_pscA.o)
 .data          0x0000000000000000        0x0 /mnt/F/important_linux_tools/Microchip_Tools/xc8/v3.10/avr/bin/../lib/gcc/avr/5.4.0/../../../../avr/lib/avr5/libm.a(fp_pscB.o)
 .bss           0x0000000000000000        0x0 /mnt/F/important_linux_tools/Microchip_Tools/xc8/v3.10/avr/bin/../lib/gcc/avr/5.4.0/../../../../avr/lib/avr5/libm.a(fp_pscB.o)
 .stack.descriptors
                0x0000000000000000       0x17 /mnt/F/important_linux_tools/Microchip_Tools/xc8/v3.10/avr/bin/../lib/gcc/avr/5.4.0/../../../../avr/lib/avr5/libm.a(fp_pscB.o)
 .data          0x0000000000000000        0x0 /mnt/F/important_linux_tools/Microchip_Tools/xc8/v3.10/avr/bin/../lib/gcc/avr/5.4.0/../../../../avr/lib/avr5/libm.a(fp_round.o)
 .bss           0x0000000000000000        0x0 /mnt/F/important_linux_tools/Microchip_Tools/xc8/v3.10/avr/bin/../lib/gcc/avr/5.4.0/../../../../avr/lib/avr5/libm.a(fp_round.o)
 .stack.descriptors
                0x0000000000000000       0x18 /mnt/F/important_linux_tools/Microchip_Tools/xc8/v3.10/avr/bin/../lib/gcc/avr/5.4.0/../../../../avr/lib/avr5/libm.a(fp_round.o)
 .text          0x0000000000000000        0x0 /mnt/F/important_linux_tools/Microchip_Tools/xc8/v3.10/avr/bin/../lib/gcc/avr/5.4.0/avr5/libgcc.a(_copy_data.o)
 .data          0x0000000000000000        0x0 /mnt/F/important_linux_tools/Microchip_Tools/xc8/v3.10/avr/bin/../lib/gcc/avr/5.4.0/avr5/libgcc.a(_copy_data.o)
 .bss           0x0000000000000000        0x0 /mnt/F/important_linux_tools/Microchip_Tools/xc8/v3.10/avr/bin/../lib/gcc/avr/5.4.0/avr5/libgcc.a(_copy_data.o)
 .text.libgcc.mul
                0x0000000000000000        0x0 /mnt/F/important_linux_tools/Microchip_Tools/xc8/v3.10/avr/bin/../lib/gcc/avr/5.4.0/avr5/libgcc.a(_copy_data.o)
 .text.libgcc.div
                0x0000000000000000        0x0 /mnt/F/important_linux_tools/Microchip_Tools/xc8/v3.10/avr/bin/../lib/gcc/avr/5.4.0/avr5/libgcc.a(_copy_data.o)
 .text.libgcc   0x0000000000000000        0x0 /mnt/F/important_linux_tools/Microchip_Tools/xc8/v3.10/avr/bin/../lib/gcc/avr/5.4.0/avr5/libgcc.a(_copy_data.o)
 .text.libgcc.prologue
                0x0000000000000000        0x0 /mnt/F/important_linux_tools/Microchip_Tools/xc8/v3.10/avr/bin/../lib/gcc/avr/5.4.0/avr5/libgcc.a(_copy_data.o)
 .text.libgcc.builtins
                0x0000000000000000        0x0 /mnt/F/important_linux_tools/Microchip_Tools/xc8/v3.10/avr/bin/../lib/gcc/avr/5.4.0/avr5/libgcc.a(_copy_data.o)
 .text.libgcc.fmul
                0x0000000000000000        0x0 /mnt/F/important_linux_tools/Microchip_Tools/xc8/v3.10/avr/bin/../lib/gcc/avr/5.4.0/avr5/libgcc.a(_copy_data.o)
 .text.libgcc.fixed
                0x0000000000000000        0x0 /mnt/F/important_linux_tools/Microchip_Tools/xc8/v3.10/avr/bin/../lib/gcc/avr/5.4.0/avr5/libgcc.a(_copy_data.o)
 .text          0x0000000000000000        0x0 /mnt/F/important_linux_tools/Microchip_Tools/xc8/v3.10/avr/bin/../lib/gcc/avr/5.4.0/avr5/libgcc.a(_umulhisi3.o)
 .data          0x0000000000000000        0x0 /mnt/F/important_linux_tools/Microchip_Tools/xc8/v3.10/avr/bin/../lib/gcc/avr/5.4.0/avr5/libgcc.a(_umulhisi3.o)
 .bss           0x0000000000000000        0x0 /mnt/F/important_linux_tools/Microchip_Tools/xc8/v3.10/avr/bin/../lib/gcc/avr/5.4.0/avr5/libgcc.a(_umulhisi3.o)
 .stack.descriptors
                0x0000000000000000       0x19 /mnt/F/important_linux_tools/Microchip_Tools/xc8/v3.10/avr/bin/../lib/gcc/avr/5.4.0/avr5/libgcc.a(_umulhisi3.o)
 .text.libgcc.div
                0x0000000000000000        0x0 /mnt/F/important_linux_tools/Microchip_Tools/xc8/v3.10/avr/bin/../lib/gcc/avr/5.4.0/avr5/libgcc.a(_umulhisi3.o)
 .text.libgcc   0x0000000000000000        0x0 /mnt/F/important_linux_tools/Microchip_Tools/xc8/v3.10/avr/bin/../lib/gcc/avr/5.4.0/avr5/libgcc.a(_umulhisi3.o)
 .text.libgcc.prologue
                0x0000000000000000        0x0 /mnt/F/important_linux_tools/Microchip_Tools/xc8/v3.10/avr/bin/../lib/gcc/avr/5.4.0/avr5/libgcc.a(_umulhisi3.o)
 .text.libgcc.builtins
                0x0000000000000000        0x0 /mnt/F/important_linux_tools/Microchip_Tools/xc8/v3.10/avr/bin/../lib/gcc/avr/5.4.0/avr5/libgcc.a(_umulhisi3.o)
 .text.libgcc.fmul
                0x0000000000000000        0x0 /mnt/F/important_linux_tools/Microchip_Tools/xc8/v3.10/avr/bin/../lib/gcc/avr/5.4.0/avr5/libgcc.a(_umulhisi3.o)
 .text.libgcc.fixed
                0x0000000000000000        0x0 /mnt/F/important_linux_tools/Microchip_Tools/xc8/v3.10/avr/bin/../lib/gcc/avr/5.4.0/avr5/libgcc.a(_umulhisi3.o)
 .text          0x0000000000000000        0x0 /mnt/F/important_linux_tools/Microchip_Tools/xc8/v3.10/avr/bin/../lib/gcc/avr/5.4.0/../../../../avr/lib/avr5/libc.a(exit.o)
 .data          0x0000000000000000        0x0 /mnt/F/important_linux_tools/Microchip_Tools/xc8/v3.10/avr/bin/../lib/gcc/avr/5.4.0/../../../../avr/lib/avr5/libc.a(exit.o)
 .bss           0x0000000000000000        0x0 /mnt/F/important_linux_tools/Microchip_Tools/xc8/v3.10/avr/bin/../lib/gcc/avr/5.4.0/../../../../avr/lib/avr5/libc.a(exit.o)
 .stack.descriptors
                0x0000000000000000       0x73 /mnt/F/important_linux_tools/Microchip_Tools/xc8/v3.10/avr/bin/../lib/gcc/avr/5.4.0/../../../../avr/lib/avr5/libc.a(exit.o)
 .text          0x0000000000000000        0x0 /mnt/F/important_linux_tools/Microchip_Tools/xc8/v3.10/avr/bin/../lib/gcc/avr/5.4.0/../../../../avr/lib/avr5/libc.a(__sio_sprintf_doux.o)
 .data          0x0000000000000000        0x0 /mnt/F/important_linux_tools/Microchip_Tools/xc8/v3.10/avr/bin/../lib/gcc/avr/5.4.0/../../../../avr/lib/avr5/libc.a(__sio_sprintf_doux.o)
 .bss           0x0000000000000000        0x0 /mnt/F/important_linux_tools/Microchip_Tools/xc8/v3.10/avr/bin/../lib/gcc/avr/5.4.0/../../../../avr/lib/avr5/libc.a(__sio_sprintf_doux.o)
 .stack.descriptors
                0x0000000000000000       0x3c /mnt/F/important_linux_tools/Microchip_Tools/xc8/v3.10/avr/bin/../lib/gcc/avr/5.4.0/../../../../avr/lib/avr5/libc.a(__sio_sprintf_doux.o)
 .text.__sio_sprintf_doux
                0x0000000000000000       0x1a /mnt/F/important_linux_tools/Microchip_Tools/xc8/v3.10/avr/bin/../lib/gcc/avr/5.4.0/../../../../avr/lib/avr5/libc.a(__sio_sprintf_doux.o)
 .text          0x0000000000000000        0x0 /mnt/F/important_linux_tools/Microchip_Tools/xc8/v3.10/avr/bin/../lib/gcc/avr/5.4.0/../../../../avr/lib/avr5/libc.a(__fmt_d.o)
 .data          0x0000000000000000        0x0 /mnt/F/important_linux_tools/Microchip_Tools/xc8/v3.10/avr/bin/../lib/gcc/avr/5.4.0/../../../../avr/lib/avr5/libc.a(__fmt_d.o)
 .bss           0x0000000000000000        0x0 /mnt/F/important_linux_tools/Microchip_Tools/xc8/v3.10/avr/bin/../lib/gcc/avr/5.4.0/../../../../avr/lib/avr5/libc.a(__fmt_d.o)
 .stack.descriptors
                0x0000000000000000       0x15 /mnt/F/important_linux_tools/Microchip_Tools/xc8/v3.10/avr/bin/../lib/gcc/avr/5.4.0/../../../../avr/lib/avr5/libc.a(__fmt_d.o)
 .text          0x0000000000000000        0x0 /mnt/F/important_linux_tools/Microchip_Tools/xc8/v3.10/avr/bin/../lib/gcc/avr/5.4.0/../../../../avr/lib/avr5/libc.a(__fmt_o.o)
 .data          0x0000000000000000        0x0 /mnt/F/important_linux_tools/Microchip_Tools/xc8/v3.10/avr/bin/../lib/gcc/avr/5.4.0/../../../../avr/lib/avr5/libc.a(__fmt_o.o)
 .bss           0x0000000000000000        0x0 /mnt/F/important_linux_tools/Microchip_Tools/xc8/v3.10/avr/bin/../lib/gcc/avr/5.4.0/../../../../avr/lib/avr5/libc.a(__fmt_o.o)
 .stack.descriptors
                0x0000000000000000       0x15 /mnt/F/important_linux_tools/Microchip_Tools/xc8/v3.10/avr/bin/../lib/gcc/avr/5.4.0/../../../../avr/lib/avr5/libc.a(__fmt_o.o)
 .text          0x0000000000000000        0x0 /mnt/F/important_linux_tools/Microchip_Tools/xc8/v3.10/avr/bin/../lib/gcc/avr/5.4.0/../../../../avr/lib/avr5/libc.a(__fmt_s.o)
 .data          0x0000000000000000        0x0 /mnt/F/important_linux_tools/Microchip_Tools/xc8/v3.10/avr/bin/../lib/gcc/avr/5.4.0/../../../../avr/lib/avr5/libc.a(__fmt_s.o)
 .bss           0x0000000000000000        0x0 /mnt/F/important_linux_tools/Microchip_Tools/xc8/v3.10/avr/bin/../lib/gcc/avr/5.4.0/../../../../avr/lib/avr5/libc.a(__fmt_s.o)
 .stack.descriptors
                0x0000000000000000       0x15 /mnt/F/important_linux_tools/Microchip_Tools/xc8/v3.10/avr/bin/../lib/gcc/avr/5.4.0/../../../../avr/lib/avr5/libc.a(__fmt_s.o)
 .text          0x0000000000000000        0x0 /mnt/F/important_linux_tools/Microchip_Tools/xc8/v3.10/avr/bin/../lib/gcc/avr/5.4.0/../../../../avr/lib/avr5/libc.a(__fmt_u.o)
 .data          0x0000000000000000        0x0 /mnt/F/important_linux_tools/Microchip_Tools/xc8/v3.10/avr/bin/../lib/gcc/avr/5.4.0/../../../../avr/lib/avr5/libc.a(__fmt_u.o)
 .bss           0x0000000000000000        0x0 /mnt/F/important_linux_tools/Microchip_Tools/xc8/v3.10/avr/bin/../lib/gcc/avr/5.4.0/../../../../avr/lib/avr5/libc.a(__fmt_u.o)
 .stack.descriptors
                0x0000000000000000       0x2a /mnt/F/important_linux_tools/Microchip_Tools/xc8/v3.10/avr/bin/../lib/gcc/avr/5.4.0/../../../../avr/lib/avr5/libc.a(__fmt_u.o)
 .text          0x0000000000000000        0x0 /mnt/F/important_linux_tools/Microchip_Tools/xc8/v3.10/avr/bin/../lib/gcc/avr/5.4.0/../../../../avr/lib/avr5/libc.a(__fmt_x.o)
 .data          0x0000000000000000        0x0 /mnt/F/important_linux_tools/Microchip_Tools/xc8/v3.10/avr/bin/../lib/gcc/avr/5.4.0/../../../../avr/lib/avr5/libc.a(__fmt_x.o)
 .bss           0x0000000000000000        0x0 /mnt/F/important_linux_tools/Microchip_Tools/xc8/v3.10/avr/bin/../lib/gcc/avr/5.4.0/../../../../avr/lib/avr5/libc.a(__fmt_x.o)
 .stack.descriptors
                0x0000000000000000       0x15 /mnt/F/important_linux_tools/Microchip_Tools/xc8/v3.10/avr/bin/../lib/gcc/avr/5.4.0/../../../../avr/lib/avr5/libc.a(__fmt_x.o)
 .text          0x0000000000000000        0x0 /mnt/F/important_linux_tools/Microchip_Tools/xc8/v3.10/avr/bin/../lib/gcc/avr/5.4.0/../../../../avr/lib/avr5/libc.a(__pop_int.o)
 .data          0x0000000000000000        0x0 /mnt/F/important_linux_tools/Microchip_Tools/xc8/v3.10/avr/bin/../lib/gcc/avr/5.4.0/../../../../avr/lib/avr5/libc.a(__pop_int.o)
 .bss           0x0000000000000000        0x0 /mnt/F/important_linux_tools/Microchip_Tools/xc8/v3.10/avr/bin/../lib/gcc/avr/5.4.0/../../../../avr/lib/avr5/libc.a(__pop_int.o)
 .stack.descriptors
                0x0000000000000000       0x17 /mnt/F/important_linux_tools/Microchip_Tools/xc8/v3.10/avr/bin/../lib/gcc/avr/5.4.0/../../../../avr/lib/avr5/libc.a(__pop_int.o)
 .text          0x0000000000000000        0x0 /mnt/F/important_linux_tools/Microchip_Tools/xc8/v3.10/avr/bin/../lib/gcc/avr/5.4.0/../../../../avr/lib/avr5/libc.a(__printf_core.o)
 .data          0x0000000000000000        0x0 /mnt/F/important_linux_tools/Microchip_Tools/xc8/v3.10/avr/bin/../lib/gcc/avr/5.4.0/../../../../avr/lib/avr5/libc.a(__printf_core.o)
 .bss           0x0000000000000000        0x0 /mnt/F/important_linux_tools/Microchip_Tools/xc8/v3.10/avr/bin/../lib/gcc/avr/5.4.0/../../../../avr/lib/avr5/libc.a(__printf_core.o)
 .stack.descriptors
                0x0000000000000000       0x91 /mnt/F/important_linux_tools/Microchip_Tools/xc8/v3.10/avr/bin/../lib/gcc/avr/5.4.0/../../../../avr/lib/avr5/libc.a(__printf_core.o)
 .text          0x0000000000000000        0x0 /mnt/F/important_linux_tools/Microchip_Tools/xc8/v3.10/avr/bin/../lib/gcc/avr/5.4.0/../../../../avr/lib/avr5/libc.a(fputc.o)
 .data          0x0000000000000000        0x0 /mnt/F/important_linux_tools/Microchip_Tools/xc8/v3.10/avr/bin/../lib/gcc/avr/5.4.0/../../../../avr/lib/avr5/libc.a(fputc.o)
 .bss           0x0000000000000000        0x0 /mnt/F/important_linux_tools/Microchip_Tools/xc8/v3.10/avr/bin/../lib/gcc/avr/5.4.0/../../../../avr/lib/avr5/libc.a(fputc.o)
 .stack.descriptors
                0x0000000000000000       0x13 /mnt/F/important_linux_tools/Microchip_Tools/xc8/v3.10/avr/bin/../lib/gcc/avr/5.4.0/../../../../avr/lib/avr5/libc.a(fputc.o)
 .text          0x0000000000000000        0x0 /mnt/F/important_linux_tools/Microchip_Tools/xc8/v3.10/avr/bin/../lib/gcc/avr/5.4.0/../../../../avr/lib/avr5/libc.a(strlen.o)
 .data          0x0000000000000000        0x0 /mnt/F/important_linux_tools/Microchip_Tools/xc8/v3.10/avr/bin/../lib/gcc/avr/5.4.0/../../../../avr/lib/avr5/libc.a(strlen.o)
 .bss           0x0000000000000000        0x0 /mnt/F/important_linux_tools/Microchip_Tools/xc8/v3.10/avr/bin/../lib/gcc/avr/5.4.0/../../../../avr/lib/avr5/libc.a(strlen.o)
 .stack.descriptors
                0x0000000000000000       0x14 /mnt/F/important_linux_tools/Microchip_Tools/xc8/v3.10/avr/bin/../lib/gcc/avr/5.4.0/../../../../avr/lib/avr5/libc.a(strlen.o)
 .text          0x0000000000000000        0x0 /mnt/F/important_linux_tools/Microchip_Tools/xc8/v3.10/avr/bin/../lib/gcc/avr/5.4.0/../../../../avr/lib/avr5/libc.a(tolower.o)
 .data          0x0000000000000000        0x0 /mnt/F/important_linux_tools/Microchip_Tools/xc8/v3.10/avr/bin/../lib/gcc/avr/5.4.0/../../../../avr/lib/avr5/libc.a(tolower.o)
 .bss           0x0000000000000000        0x0 /mnt/F/important_linux_tools/Microchip_Tools/xc8/v3.10/avr/bin/../lib/gcc/avr/5.4.0/../../../../avr/lib/avr5/libc.a(tolower.o)
 .stack.descriptors
                0x0000000000000000       0x2e /mnt/F/important_linux_tools/Microchip_Tools/xc8/v3.10/avr/bin/../lib/gcc/avr/5.4.0/../../../../avr/lib/avr5/libc.a(tolower.o)
 .text.__tolower_l
                0x0000000000000000        0x6 /mnt/F/important_linux_tools/Microchip_Tools/xc8/v3.10/avr/bin/../lib/gcc/avr/5.4.0/../../../../avr/lib/avr5/libc.a(tolower.o)
 .text          0x0000000000000000        0x0 /mnt/F/important_linux_tools/Microchip_Tools/xc8/v3.10/avr/bin/../lib/gcc/avr/5.4.0/../../../../avr/lib/avr5/libc.a(toupper.o)
 .data          0x0000000000000000        0x0 /mnt/F/important_linux_tools/Microchip_Tools/xc8/v3.10/avr/bin/../lib/gcc/avr/5.4.0/../../../../avr/lib/avr5/libc.a(toupper.o)
 .bss           0x0000000000000000        0x0 /mnt/F/important_linux_tools/Microchip_Tools/xc8/v3.10/avr/bin/../lib/gcc/avr/5.4.0/../../../../avr/lib/avr5/libc.a(toupper.o)
 .stack.descriptors
                0x0000000000000000       0x2e /mnt/F/important_linux_tools/Microchip_Tools/xc8/v3.10/avr/bin/../lib/gcc/avr/5.4.0/../../../../avr/lib/avr5/libc.a(toupper.o)
 .text.__toupper_l
                0x0000000000000000        0x6 /mnt/F/important_linux_tools/Microchip_Tools/xc8/v3.10/avr/bin/../lib/gcc/avr/5.4.0/../../../../avr/lib/avr5/libc.a(toupper.o)
 .text          0x0000000000000000        0x0 /mnt/F/important_linux_tools/Microchip_Tools/xc8/v3.10/avr/bin/../lib/gcc/avr/5.4.0/../../../../avr/lib/avr5/libc.a(errno.o)
 .data          0x0000000000000000        0x0 /mnt/F/important_linux_tools/Microchip_Tools/xc8/v3.10/avr/bin/../lib/gcc/avr/5.4.0/../../../../avr/lib/avr5/libc.a(errno.o)
 .bss           0x0000000000000000        0x0 /mnt/F/important_linux_tools/Microchip_Tools/xc8/v3.10/avr/bin/../lib/gcc/avr/5.4.0/../../../../avr/lib/avr5/libc.a(errno.o)
 .text          0x0000000000000000        0x0 /mnt/F/important_linux_tools/Microchip_Tools/xc8/v3.10/avr/bin/../lib/gcc/avr/5.4.0/../../../../avr/lib/avr5/libc.a(_Exit.o)
 .data          0x0000000000000000        0x0 /mnt/F/important_linux_tools/Microchip_Tools/xc8/v3.10/avr/bin/../lib/gcc/avr/5.4.0/../../../../avr/lib/avr5/libc.a(_Exit.o)
 .bss           0x0000000000000000        0x0 /mnt/F/important_linux_tools/Microchip_Tools/xc8/v3.10/avr/bin/../lib/gcc/avr/5.4.0/../../../../avr/lib/avr5/libc.a(_Exit.o)
 .stack.descriptors
                0x0000000000000000       0x13 /mnt/F/important_linux_tools/Microchip_Tools/xc8/v3.10/avr/bin/../lib/gcc/avr/5.4.0/../../../../avr/lib/avr5/libc.a(_Exit.o)
 .text          0x0000000000000000        0x0 /mnt/F/important_linux_tools/Microchip_Tools/xc8/v3.10/avr/bin/../lib/gcc/avr/5.4.0/../../../../avr/lib/avr5/libc.a(__int_vsprintf.o)
 .data          0x0000000000000000        0x0 /mnt/F/important_linux_tools/Microchip_Tools/xc8/v3.10/avr/bin/../lib/gcc/avr/5.4.0/../../../../avr/lib/avr5/libc.a(__int_vsprintf.o)
 .bss           0x0000000000000000        0x0 /mnt/F/important_linux_tools/Microchip_Tools/xc8/v3.10/avr/bin/../lib/gcc/avr/5.4.0/../../../../avr/lib/avr5/libc.a(__int_vsprintf.o)
 .stack.descriptors
                0x0000000000000000       0x18 /mnt/F/important_linux_tools/Microchip_Tools/xc8/v3.10/avr/bin/../lib/gcc/avr/5.4.0/../../../../avr/lib/avr5/libc.a(__int_vsprintf.o)
 .text          0x0000000000000000        0x0 /mnt/F/important_linux_tools/Microchip_Tools/xc8/v3.10/avr/bin/../lib/gcc/avr/5.4.0/../../../../avr/lib/avr5/libc.a(__int_vsnprintf.o)
 .data          0x0000000000000000        0x0 /mnt/F/important_linux_tools/Microchip_Tools/xc8/v3.10/avr/bin/../lib/gcc/avr/5.4.0/../../../../avr/lib/avr5/libc.a(__int_vsnprintf.o)
 .bss           0x0000000000000000        0x0 /mnt/F/important_linux_tools/Microchip_Tools/xc8/v3.10/avr/bin/../lib/gcc/avr/5.4.0/../../../../avr/lib/avr5/libc.a(__int_vsnprintf.o)
 .stack.descriptors
                0x0000000000000000       0x19 /mnt/F/important_linux_tools/Microchip_Tools/xc8/v3.10/avr/bin/../lib/gcc/avr/5.4.0/../../../../avr/lib/avr5/libc.a(__int_vsnprintf.o)
 .text          0x0000000000000000        0x0 /mnt/F/important_linux_tools/Microchip_Tools/xc8/v3.10/avr/bin/../lib/gcc/avr/5.4.0/../../../../avr/lib/avr5/libc.a(__int_vfprintf.o)
 .data          0x0000000000000000        0x0 /mnt/F/important_linux_tools/Microchip_Tools/xc8/v3.10/avr/bin/../lib/gcc/avr/5.4.0/../../../../avr/lib/avr5/libc.a(__int_vfprintf.o)
 .bss           0x0000000000000000        0x0 /mnt/F/important_linux_tools/Microchip_Tools/xc8/v3.10/avr/bin/../lib/gcc/avr/5.4.0/../../../../avr/lib/avr5/libc.a(__int_vfprintf.o)
 .stack.descriptors
                0x0000000000000000       0x18 /mnt/F/important_linux_tools/Microchip_Tools/xc8/v3.10/avr/bin/../lib/gcc/avr/5.4.0/../../../../avr/lib/avr5/libc.a(__int_vfprintf.o)
 .text          0x0000000000000000        0x0 /mnt/F/important_linux_tools/Microchip_Tools/xc8/v3.10/avr/bin/../lib/gcc/avr/5.4.0/avr5/libgcc.a(_udivmodsi4.o)
 .data          0x0000000000000000        0x0 /mnt/F/important_linux_tools/Microchip_Tools/xc8/v3.10/avr/bin/../lib/gcc/avr/5.4.0/avr5/libgcc.a(_udivmodsi4.o)
 .bss           0x0000000000000000        0x0 /mnt/F/important_linux_tools/Microchip_Tools/xc8/v3.10/avr/bin/../lib/gcc/avr/5.4.0/avr5/libgcc.a(_udivmodsi4.o)
 .text.libgcc.mul
                0x0000000000000000        0x0 /mnt/F/important_linux_tools/Microchip_Tools/xc8/v3.10/avr/bin/../lib/gcc/avr/5.4.0/avr5/libgcc.a(_udivmodsi4.o)
 .stack.descriptors
                0x0000000000000000       0x1a /mnt/F/important_linux_tools/Microchip_Tools/xc8/v3.10/avr/bin/../lib/gcc/avr/5.4.0/avr5/libgcc.a(_udivmodsi4.o)
 .text.libgcc   0x0000000000000000        0x0 /mnt/F/important_linux_tools/Microchip_Tools/xc8/v3.10/avr/bin/../lib/gcc/avr/5.4.0/avr5/libgcc.a(_udivmodsi4.o)
 .text.libgcc.prologue
                0x0000000000000000        0x0 /mnt/F/important_linux_tools/Microchip_Tools/xc8/v3.10/avr/bin/../lib/gcc/avr/5.4.0/avr5/libgcc.a(_udivmodsi4.o)
 .text.libgcc.builtins
                0x0000000000000000        0x0 /mnt/F/important_linux_tools/Microchip_Tools/xc8/v3.10/avr/bin/../lib/gcc/avr/5.4.0/avr5/libgcc.a(_udivmodsi4.o)
 .text.libgcc.fmul
                0x0000000000000000        0x0 /mnt/F/important_linux_tools/Microchip_Tools/xc8/v3.10/avr/bin/../lib/gcc/avr/5.4.0/avr5/libgcc.a(_udivmodsi4.o)
 .text.libgcc.fixed
                0x0000000000000000        0x0 /mnt/F/important_linux_tools/Microchip_Tools/xc8/v3.10/avr/bin/../lib/gcc/avr/5.4.0/avr5/libgcc.a(_udivmodsi4.o)
 .text          0x0000000000000000        0x0 /mnt/F/important_linux_tools/Microchip_Tools/xc8/v3.10/avr/bin/../lib/gcc/avr/5.4.0/avr5/libgcc.a(_exit.o)
 .data          0x0000000000000000        0x0 /mnt/F/important_linux_tools/Microchip_Tools/xc8/v3.10/avr/bin/../lib/gcc/avr/5.4.0/avr5/libgcc.a(_exit.o)
 .bss           0x0000000000000000        0x0 /mnt/F/important_linux_tools/Microchip_Tools/xc8/v3.10/avr/bin/../lib/gcc/avr/5.4.0/avr5/libgcc.a(_exit.o)
 .text.libgcc.mul
                0x0000000000000000        0x0 /mnt/F/important_linux_tools/Microchip_Tools/xc8/v3.10/avr/bin/../lib/gcc/avr/5.4.0/avr5/libgcc.a(_exit.o)
 .text.libgcc.div
                0x0000000000000000        0x0 /mnt/F/important_linux_tools/Microchip_Tools/xc8/v3.10/avr/bin/../lib/gcc/avr/5.4.0/avr5/libgcc.a(_exit.o)
 .text.libgcc   0x0000000000000000        0x0 /mnt/F/important_linux_tools/Microchip_Tools/xc8/v3.10/avr/bin/../lib/gcc/avr/5.4.0/avr5/libgcc.a(_exit.o)
 .text.libgcc.prologue
                0x0000000000000000        0x0 /mnt/F/important_linux_tools/Microchip_Tools/xc8/v3.10/avr/bin/../lib/gcc/avr/5.4.0/avr5/libgcc.a(_exit.o)
 .stack.descriptors
                0x0000000000000000       0x13 /mnt/F/important_linux_tools/Microchip_Tools/xc8/v3.10/avr/bin/../lib/gcc/avr/5.4.0/avr5/libgcc.a(_exit.o)
 .text.libgcc.builtins
                0x0000000000000000        0x0 /mnt/F/important_linux_tools/Microchip_Tools/xc8/v3.10/avr/bin/../lib/gcc/avr/5.4.0/avr5/libgcc.a(_exit.o)
 .text.libgcc.fmul
                0x0000000000000000        0x0 /mnt/F/important_linux_tools/Microchip_Tools/xc8/v3.10/avr/bin/../lib/gcc/avr/5.4.0/avr5/libgcc.a(_exit.o)
 .text.libgcc.fixed
                0x0000000000000000        0x0 /mnt/F/important_linux_tools/Microchip_Tools/xc8/v3.10/avr/bin/../lib/gcc/avr/5.4.0/avr5/libgcc.a(_exit.o)
 .text          0x0000000000000000        0x0 /mnt/F/important_linux_tools/Microchip_Tools/xc8/v3.10/avr/bin/../lib/gcc/avr/5.4.0/avr5/libgcc.a(_prologue.o)
 .data          0x0000000000000000        0x0 /mnt/F/important_linux_tools/Microchip_Tools/xc8/v3.10/avr/bin/../lib/gcc/avr/5.4.0/avr5/libgcc.a(_prologue.o)
 .bss           0x0000000000000000        0x0 /mnt/F/important_linux_tools/Microchip_Tools/xc8/v3.10/avr/bin/../lib/gcc/avr/5.4.0/avr5/libgcc.a(_prologue.o)
 .text.libgcc.mul
                0x0000000000000000        0x0 /mnt/F/important_linux_tools/Microchip_Tools/xc8/v3.10/avr/bin/../lib/gcc/avr/5.4.0/avr5/libgcc.a(_prologue.o)
 .text.libgcc.div
                0x0000000000000000        0x0 /mnt/F/important_linux_tools/Microchip_Tools/xc8/v3.10/avr/bin/../lib/gcc/avr/5.4.0/avr5/libgcc.a(_prologue.o)
 .text.libgcc   0x0000000000000000        0x0 /mnt/F/important_linux_tools/Microchip_Tools/xc8/v3.10/avr/bin/../lib/gcc/avr/5.4.0/avr5/libgcc.a(_prologue.o)
 .text.libgcc.builtins
                0x0000000000000000        0x0 /mnt/F/important_linux_tools/Microchip_Tools/xc8/v3.10/avr/bin/../lib/gcc/avr/5.4.0/avr5/libgcc.a(_prologue.o)
 .text.libgcc.fmul
                0x0000000000000000        0x0 /mnt/F/important_linux_tools/Microchip_Tools/xc8/v3.10/avr/bin/../lib/gcc/avr/5.4.0/avr5/libgcc.a(_prologue.o)
 .text.libgcc.fixed
                0x0000000000000000        0x0 /mnt/F/important_linux_tools/Microchip_Tools/xc8/v3.10/avr/bin/../lib/gcc/avr/5.4.0/avr5/libgcc.a(_prologue.o)
 .text          0x0000000000000000        0x0 /mnt/F/important_linux_tools/Microchip_Tools/xc8/v3.10/avr/bin/../lib/gcc/avr/5.4.0/avr5/libgcc.a(_epilogue.o)
 .data          0x0000000000000000        0x0 /mnt/F/important_linux_tools/Microchip_Tools/xc8/v3.10/avr/bin/../lib/gcc/avr/5.4.0/avr5/libgcc.a(_epilogue.o)
 .bss           0x0000000000000000        0x0 /mnt/F/important_linux_tools/Microchip_Tools/xc8/v3.10/avr/bin/../lib/gcc/avr/5.4.0/avr5/libgcc.a(_epilogue.o)
 .text.libgcc.mul
                0x0000000000000000        0x0 /mnt/F/important_linux_tools/Microchip_Tools/xc8/v3.10/avr/bin/../lib/gcc/avr/5.4.0/avr5/libgcc.a(_epilogue.o)
 .text.libgcc.div
                0x0000000000000000        0x0 /mnt/F/important_linux_tools/Microchip_Tools/xc8/v3.10/avr/bin/../lib/gcc/avr/5.4.0/avr5/libgcc.a(_epilogue.o)
 .text.libgcc   0x0000000000000000        0x0 /mnt/F/important_linux_tools/Microchip_Tools/xc8/v3.10/avr/bin/../lib/gcc/avr/5.4.0/avr5/libgcc.a(_epilogue.o)
 .text.libgcc.builtins
                0x0000000000000000        0x0 /mnt/F/important_linux_tools/Microchip_Tools/xc8/v3.10/avr/bin/../lib/gcc/avr/5.4.0/avr5/libgcc.a(_epilogue.o)
 .text.libgcc.fmul
                0x0000000000000000        0x0 /mnt/F/important_linux_tools/Microchip_Tools/xc8/v3.10/avr/bin/../lib/gcc/avr/5.4.0/avr5/libgcc.a(_epilogue.o)
 .text.libgcc.fixed
                0x0000000000000000        0x0 /mnt/F/important_linux_tools/Microchip_Tools/xc8/v3.10/avr/bin/../lib/gcc/avr/5.4.0/avr5/libgcc.a(_epilogue.o)

Memory Configuration

Name             Origin             Length             Attributes
text             0x0000000000000000 0x0000000000008000 xr
data             0x0000000000800060 0x0000000000000800 rw !x
eeprom           0x0000000000810000 0x0000000000000400 rw !x
fuse             0x0000000000820000 0x0000000000000002 rw !x
lock             0x0000000000830000 0x0000000000000400 rw !x
signature        0x0000000000840000 0x0000000000000400 rw !x
user_signatures  0x0000000000850000 0x0000000000000400 rw !x
bootrow          0x0000000000860000 0x0000000000000400 rw !x
*default*        0x0000000000000000 0xffffffffffffffff

Linker script and memory map

LOAD /mnt/F/important_linux_tools/Microchip_Tools/mplabx/v6.30/packs/Microchip/ATmega_DFP/3.5.296/xc8/avr/lib/avr5/crtatmega32.o
                0x0000000000000001                __MPLAB_BUILD = 0x1
LOAD build/default/production/carmain.o
START GROUP
LOAD /mnt/F/important_linux_tools/Microchip_Tools/xc8/v3.10/avr/bin/../lib/gcc/avr/5.4.0/../../../../avr/lib/avr5/libm.a
END GROUP
START GROUP
LOAD /mnt/F/important_linux_tools/Microchip_Tools/xc8/v3.10/avr/bin/../lib/gcc/avr/5.4.0/avr5/libgcc.a
LOAD /mnt/F/important_linux_tools/Microchip_Tools/xc8/v3.10/avr/bin/../lib/gcc/avr/5.4.0/../../../../avr/lib/avr5/libm.a
LOAD /mnt/F/important_linux_tools/Microchip_Tools/xc8/v3.10/avr/bin/../lib/gcc/avr/5.4.0/../../../../avr/lib/avr5/libc.a
LOAD /mnt/F/important_linux_tools/Microchip_Tools/mplabx/v6.30/packs/Microchip/ATmega_DFP/3.5.296/xc8/avr/lib/avr5/libatmega32.a
END GROUP
                0x0000000000000000                __TEXT_REGION_ORIGIN__ = DEFINED (__TEXT_REGION_ORIGIN__)?__TEXT_REGION_ORIGIN__:0x0
                [0x0000000000800060]                __DATA_REGION_ORIGIN__ = DEFINED (__DATA_REGION_ORIGIN__)?__DATA_REGION_ORIGIN__:0x800060
                [0x0000000000008000]                __TEXT_REGION_LENGTH__ = DEFINED (__TEXT_REGION_LENGTH__)?__TEXT_REGION_LENGTH__:0x20000
                [0x0000000000000800]                __DATA_REGION_LENGTH__ = DEFINED (__DATA_REGION_LENGTH__)?__DATA_REGION_LENGTH__:0xffa0
                [0x0000000000000400]                __EEPROM_REGION_LENGTH__ = DEFINED (__EEPROM_REGION_LENGTH__)?__EEPROM_REGION_LENGTH__:0x10000
                [0x0000000000000002]                __FUSE_REGION_LENGTH__ = DEFINED (__FUSE_REGION_LENGTH__)?__FUSE_REGION_LENGTH__:0x400
                0x0000000000000400                __LOCK_REGION_LENGTH__ = DEFINED (__LOCK_REGION_LENGTH__)?__LOCK_REGION_LENGTH__:0x400
                0x0000000000000400                __SIGNATURE_REGION_LENGTH__ = DEFINED (__SIGNATURE_REGION_LENGTH__)?__SIGNATURE_REGION_LENGTH__:0x400
                0x0000000000000400                __USER_SIGNATURE_REGION_LENGTH__ = DEFINED (__USER_SIGNATURE_REGION_LENGTH__)?__USER_SIGNATURE_REGION_LENGTH__:0x400
                0x0000000000000400                __BOOTROW_REGION_LENGTH__ = DEFINED (__BOOTROW_REGION_LENGTH__)?__BOOTROW_REGION_LENGTH__:0x400

.hash
 *(.hash)

.dynsym
 *(.dynsym)

.dynstr
 *(.dynstr)

.gnu.version
 *(.gnu.version)

.gnu.version_d
 *(.gnu.version_d)

.gnu.version_r
 *(.gnu.version_r)

.rel.init
 *(.rel.init)

.rela.init
 *(.rela.init)

.rel.text
 *(.rel.text)
 *(.rel.text.*)
 *(.rel.gnu.linkonce.t*)

.rela.text
 *(.rela.text)
 *(.rela.text.*)
 *(.rela.gnu.linkonce.t*)

.rel.fini
 *(.rel.fini)

.rela.fini
 *(.rela.fini)

.rel.rodata
 *(.rel.rodata)
 *(.rel.rodata.*)
 *(.rel.gnu.linkonce.r*)

.rela.rodata
 *(.rela.rodata)
 *(.rela.rodata.*)
 *(.rela.gnu.linkonce.r*)

.rel.data
 *(.rel.data)
 *(.rel.data.*)
 *(.rel.gnu.linkonce.d*)

.rela.data
 *(.rela.data)
 *(.rela.data.*)
 *(.rela.gnu.linkonce.d*)

.rel.ctors
 *(.rel.ctors)

.rela.ctors
 *(.rela.ctors)

.rel.dtors
 *(.rel.dtors)

.rela.dtors
 *(.rela.dtors)

.rel.got
 *(.rel.got)

.rela.got
 *(.rela.got)

.rel.bss
 *(.rel.bss)

.rela.bss
 *(.rela.bss)

.rel.plt
 *(.rel.plt)

.rela.plt
 *(.rela.plt)

.text           0x0000000000000000       0xb4
 *(.vectors)
 .vectors       0x0000000000000000       0x54 /mnt/F/important_linux_tools/Microchip_Tools/mplabx/v6.30/packs/Microchip/ATmega_DFP/3.5.296/xc8/avr/lib/avr5/crtatmega32.o
                0x0000000000000000                __vectors
                0x0000000000000000                __vector_default
 *(.vectors)
 *(.progmem.gcc*)
 *(.dinit)
 .dinit         0x0000000000000054        0xc data_init
                0x0000000000000060                . = ALIGN (0x2)
 *fill*         0x0000000000000060        0x0 
                0x0000000000000060                __trampolines_start = .
 *(.trampolines)
 .trampolines   0x0000000000000060        0x0 linker stubs
 *(.trampolines*)
                0x0000000000000060                __trampolines_end = .
 *libprintf_flt.a:*(.progmem.data)
 *libc.a:*(.progmem.data)
                0x0000000000000060                . = ALIGN (0x2)
 *(.jumptables)
 *(.jumptables*)
 *(.lowtext)
 *(.lowtext*)
                0x0000000000000060                __ctors_start = .
 *(.ctors)
                0x0000000000000060                __ctors_end = .
                0x0000000000000060                __dtors_start = .
 *(.dtors)
                0x0000000000000060                __dtors_end = .
 SORT(*)(.ctors)
 SORT(*)(.dtors)
 *(.init0)
 .init0         0x0000000000000060        0x0 /mnt/F/important_linux_tools/Microchip_Tools/mplabx/v6.30/packs/Microchip/ATmega_DFP/3.5.296/xc8/avr/lib/avr5/crtatmega32.o
                0x0000000000000060                __init
 *(.init0)
 *(.init1)
 *(.init1)
 *(.init2)
 .init2         0x0000000000000060        0xc /mnt/F/important_linux_tools/Microchip_Tools/mplabx/v6.30/packs/Microchip/ATmega_DFP/3.5.296/xc8/avr/lib/avr5/crtatmega32.o
 *(.init2)
 *(.init3)
 *(.init3)
 *(.init4)
 .init4         0x000000000000006c       0x3c /mnt/F/important_linux_tools/Microchip_Tools/xc8/v3.10/avr/bin/../lib/gcc/avr/5.4.0/avr5/libgcc.a(_copy_data.o)
                0x000000000000006c                __do_copy_data
                0x000000000000009a                __do_clear_bss
 *(.init4)
 *(.init5)
 *(.init5)
 *(.init6)
 *(.init6)
 *(.init7)
 *(.init7)
 *(.init8)
 *(.init8)
 *(.init9)
 .init9         0x00000000000000a8        0x8 /mnt/F/important_linux_tools/Microchip_Tools/mplabx/v6.30/packs/Microchip/ATmega_DFP/3.5.296/xc8/avr/lib/avr5/crtatmega32.o
 *(.init9)
                0x00000000000000b0                . = ALIGN (0x2)
 *(.fini9)
 .fini9         0x00000000000000b0        0x0 /mnt/F/important_linux_tools/Microchip_Tools/xc8/v3.10/avr/bin/../lib/gcc/avr/5.4.0/avr5/libgcc.a(_exit.o)
                0x00000000000000b0                _exit
 *(.fini9)
 *(.fini8)
 *(.fini8)
 *(.fini7)
 *(.fini7)
 *(.fini6)
 *(.fini6)
 *(.fini5)
 *(.fini5)
 *(.fini4)
 *(.fini4)
 *(.fini3)
 *(.fini3)
 *(.fini2)
 *(.fini2)
 *(.fini1)
 *(.fini1)
 *(.fini0)
 .fini0         0x00000000000000b0        0x4 /mnt/F/important_linux_tools/Microchip_Tools/xc8/v3.10/avr/bin/../lib/gcc/avr/5.4.0/avr5/libgcc.a(_exit.o)
 *(.fini0)
                0x00000000000000b4                _etext = .

.data           0x0000000000800060        0x0 load address 0x00000000000000b4
                [!provide]                        PROVIDE (__data_start, .)
 *(.gnu.linkonce.d*)
 *(.gnu.linkonce.r*)
                0x0000000000800060                . = ALIGN (0x2)
                0x0000000000800060                _edata = .
                [!provide]                        PROVIDE (__data_end, .)

.bss            0x0000000000800060        0x2
                [!provide]                        PROVIDE (__bss_start, .)
 *(COMMON)
 COMMON         0x0000000000800060        0x2 /mnt/F/important_linux_tools/Microchip_Tools/xc8/v3.10/avr/bin/../lib/gcc/avr/5.4.0/../../../../avr/lib/avr5/libc.a(errno.o)
                0x0000000000800060                __errno_val
                [!provide]                        PROVIDE (__bss_end, .)
                0x00000000000000b4                __data_load_start = LOADADDR (.data)
                0x00000000000000b4                __data_load_end = (__data_load_start + SIZEOF (.data))

.noinit         0x0000000000800062        0x0
                [!provide]                        PROVIDE (__noinit_start, .)
 *(.noinit*)
                [!provide]                        PROVIDE (__noinit_end, .)
                0x0000000000800062                _end = .

.eeprom         0x0000000000810000        0x0
 *(.eeprom*)
                0x0000000000810000                __eeprom_end = .

.fuse
 *(.fuse)
 *(.lfuse)
 *(.hfuse)
 *(.efuse)

.lock
 *(.lock*)

.signature
 *(.signature*)

.user_signatures
 *(.user_signatures*)

.bootrow
 *(.bootrow*)

.stab
 *(.stab)

.stabstr
 *(.stabstr)

.stab.excl
 *(.stab.excl)

.stab.exclstr
 *(.stab.exclstr)

.stab.index
 *(.stab.index)

.stab.indexstr
 *(.stab.indexstr)

.comment        0x0000000000000000       0x5b
 *(.comment)
 .comment       0x0000000000000000       0x2f build/default/production/carmain.o
                                         0x30 (size before relaxing)
 .comment       0x000000000000002f       0x2c /mnt/F/important_linux_tools/Microchip_Tools/xc8/v3.10/avr/bin/../lib/gcc/avr/5.4.0/../../../../avr/lib/avr5/libc.a(exit.o)
                                         0x2d (size before relaxing)
 .comment       0x000000000000005b       0x2d /mnt/F/important_linux_tools/Microchip_Tools/xc8/v3.10/avr/bin/../lib/gcc/avr/5.4.0/../../../../avr/lib/avr5/libc.a(__sio_sprintf_doux.o)
 .comment       0x000000000000005b       0x2d /mnt/F/important_linux_tools/Microchip_Tools/xc8/v3.10/avr/bin/../lib/gcc/avr/5.4.0/../../../../avr/lib/avr5/libc.a(__fmt_d.o)
 .comment       0x000000000000005b       0x2d /mnt/F/important_linux_tools/Microchip_Tools/xc8/v3.10/avr/bin/../lib/gcc/avr/5.4.0/../../../../avr/lib/avr5/libc.a(__fmt_o.o)
 .comment       0x000000000000005b       0x2d /mnt/F/important_linux_tools/Microchip_Tools/xc8/v3.10/avr/bin/../lib/gcc/avr/5.4.0/../../../../avr/lib/avr5/libc.a(__fmt_s.o)
 .comment       0x000000000000005b       0x2d /mnt/F/important_linux_tools/Microchip_Tools/xc8/v3.10/avr/bin/../lib/gcc/avr/5.4.0/../../../../avr/lib/avr5/libc.a(__fmt_u.o)
 .comment       0x000000000000005b       0x2d /mnt/F/important_linux_tools/Microchip_Tools/xc8/v3.10/avr/bin/../lib/gcc/avr/5.4.0/../../../../avr/lib/avr5/libc.a(__fmt_x.o)
 .comment       0x000000000000005b       0x2d /mnt/F/important_linux_tools/Microchip_Tools/xc8/v3.10/avr/bin/../lib/gcc/avr/5.4.0/../../../../avr/lib/avr5/libc.a(__pop_int.o)
 .comment       0x000000000000005b       0x2d /mnt/F/important_linux_tools/Microchip_Tools/xc8/v3.10/avr/bin/../lib/gcc/avr/5.4.0/../../../../avr/lib/avr5/libc.a(__printf_core.o)
 .comment       0x000000000000005b       0x2d /mnt/F/important_linux_tools/Microchip_Tools/xc8/v3.10/avr/bin/../lib/gcc/avr/5.4.0/../../../../avr/lib/avr5/libc.a(fputc.o)
 .comment       0x000000000000005b       0x2d /mnt/F/important_linux_tools/Microchip_Tools/xc8/v3.10/avr/bin/../lib/gcc/avr/5.4.0/../../../../avr/lib/avr5/libc.a(strlen.o)
 .comment       0x000000000000005b       0x2d /mnt/F/important_linux_tools/Microchip_Tools/xc8/v3.10/avr/bin/../lib/gcc/avr/5.4.0/../../../../avr/lib/avr5/libc.a(tolower.o)
 .comment       0x000000000000005b       0x2d /mnt/F/important_linux_tools/Microchip_Tools/xc8/v3.10/avr/bin/../lib/gcc/avr/5.4.0/../../../../avr/lib/avr5/libc.a(toupper.o)
 .comment       0x000000000000005b       0x2d /mnt/F/important_linux_tools/Microchip_Tools/xc8/v3.10/avr/bin/../lib/gcc/avr/5.4.0/../../../../avr/lib/avr5/libc.a(errno.o)
 .comment       0x000000000000005b       0x2d /mnt/F/important_linux_tools/Microchip_Tools/xc8/v3.10/avr/bin/../lib/gcc/avr/5.4.0/../../../../avr/lib/avr5/libc.a(_Exit.o)
 .comment       0x000000000000005b       0x2d /mnt/F/important_linux_tools/Microchip_Tools/xc8/v3.10/avr/bin/../lib/gcc/avr/5.4.0/../../../../avr/lib/avr5/libc.a(__int_vsprintf.o)
 .comment       0x000000000000005b       0x2d /mnt/F/important_linux_tools/Microchip_Tools/xc8/v3.10/avr/bin/../lib/gcc/avr/5.4.0/../../../../avr/lib/avr5/libc.a(__int_vsnprintf.o)
 .comment       0x000000000000005b       0x2d /mnt/F/important_linux_tools/Microchip_Tools/xc8/v3.10/avr/bin/../lib/gcc/avr/5.4.0/../../../../avr/lib/avr5/libc.a(__int_vfprintf.o)

.stack.descriptors.hdr
                0x0000000000000000      0x1c0
 .stack.descriptors.hdr
                0x0000000000000000        0xe /mnt/F/important_linux_tools/Microchip_Tools/xc8/v3.10/avr/bin/../lib/gcc/avr/5.4.0/../../../../avr/lib/avr5/libm.a(fixunssfsi.o)
 .stack.descriptors.hdr
                0x000000000000000e        0xe /mnt/F/important_linux_tools/Microchip_Tools/xc8/v3.10/avr/bin/../lib/gcc/avr/5.4.0/../../../../avr/lib/avr5/libm.a(floatsisf.o)
 .stack.descriptors.hdr
                0x000000000000001c        0xe /mnt/F/important_linux_tools/Microchip_Tools/xc8/v3.10/avr/bin/../lib/gcc/avr/5.4.0/../../../../avr/lib/avr5/libm.a(fp_split3.o)
 .stack.descriptors.hdr
                0x000000000000002a        0xe /mnt/F/important_linux_tools/Microchip_Tools/xc8/v3.10/avr/bin/../lib/gcc/avr/5.4.0/../../../../avr/lib/avr5/libm.a(fp_zero.o)
 .stack.descriptors.hdr
                0x0000000000000038        0xe /mnt/F/important_linux_tools/Microchip_Tools/xc8/v3.10/avr/bin/../lib/gcc/avr/5.4.0/../../../../avr/lib/avr5/libm.a(mulsf3.o)
 .stack.descriptors.hdr
                0x0000000000000046        0xe /mnt/F/important_linux_tools/Microchip_Tools/xc8/v3.10/avr/bin/../lib/gcc/avr/5.4.0/../../../../avr/lib/avr5/libm.a(mulsf3x.o)
 .stack.descriptors.hdr
                0x0000000000000054        0xe /mnt/F/important_linux_tools/Microchip_Tools/xc8/v3.10/avr/bin/../lib/gcc/avr/5.4.0/../../../../avr/lib/avr5/libm.a(fp_inf.o)
 .stack.descriptors.hdr
                0x0000000000000062        0xe /mnt/F/important_linux_tools/Microchip_Tools/xc8/v3.10/avr/bin/../lib/gcc/avr/5.4.0/../../../../avr/lib/avr5/libm.a(fp_nan.o)
 .stack.descriptors.hdr
                0x0000000000000070        0xe /mnt/F/important_linux_tools/Microchip_Tools/xc8/v3.10/avr/bin/../lib/gcc/avr/5.4.0/../../../../avr/lib/avr5/libm.a(fp_pscA.o)
 .stack.descriptors.hdr
                0x000000000000007e        0xe /mnt/F/important_linux_tools/Microchip_Tools/xc8/v3.10/avr/bin/../lib/gcc/avr/5.4.0/../../../../avr/lib/avr5/libm.a(fp_pscB.o)
 .stack.descriptors.hdr
                0x000000000000008c        0xe /mnt/F/important_linux_tools/Microchip_Tools/xc8/v3.10/avr/bin/../lib/gcc/avr/5.4.0/../../../../avr/lib/avr5/libm.a(fp_round.o)
 .stack.descriptors.hdr
                0x000000000000009a        0xe /mnt/F/important_linux_tools/Microchip_Tools/xc8/v3.10/avr/bin/../lib/gcc/avr/5.4.0/avr5/libgcc.a(_umulhisi3.o)
 .stack.descriptors.hdr
                0x00000000000000a8        0xe /mnt/F/important_linux_tools/Microchip_Tools/xc8/v3.10/avr/bin/../lib/gcc/avr/5.4.0/../../../../avr/lib/avr5/libc.a(exit.o)
 .stack.descriptors.hdr
                0x00000000000000b6        0xe /mnt/F/important_linux_tools/Microchip_Tools/xc8/v3.10/avr/bin/../lib/gcc/avr/5.4.0/../../../../avr/lib/avr5/libc.a(__sio_sprintf_doux.o)
 .stack.descriptors.hdr
                0x00000000000000c4        0xe /mnt/F/important_linux_tools/Microchip_Tools/xc8/v3.10/avr/bin/../lib/gcc/avr/5.4.0/../../../../avr/lib/avr5/libc.a(__fmt_d.o)
 .stack.descriptors.hdr
                0x00000000000000d2        0xe /mnt/F/important_linux_tools/Microchip_Tools/xc8/v3.10/avr/bin/../lib/gcc/avr/5.4.0/../../../../avr/lib/avr5/libc.a(__fmt_o.o)
 .stack.descriptors.hdr
                0x00000000000000e0        0xe /mnt/F/important_linux_tools/Microchip_Tools/xc8/v3.10/avr/bin/../lib/gcc/avr/5.4.0/../../../../avr/lib/avr5/libc.a(__fmt_s.o)
 .stack.descriptors.hdr
                0x00000000000000ee        0xe /mnt/F/important_linux_tools/Microchip_Tools/xc8/v3.10/avr/bin/../lib/gcc/avr/5.4.0/../../../../avr/lib/avr5/libc.a(__fmt_u.o)
 .stack.descriptors.hdr
                0x00000000000000fc        0xe /mnt/F/important_linux_tools/Microchip_Tools/xc8/v3.10/avr/bin/../lib/gcc/avr/5.4.0/../../../../avr/lib/avr5/libc.a(__fmt_x.o)
 .stack.descriptors.hdr
                0x000000000000010a        0xe /mnt/F/important_linux_tools/Microchip_Tools/xc8/v3.10/avr/bin/../lib/gcc/avr/5.4.0/../../../../avr/lib/avr5/libc.a(__pop_int.o)
 .stack.descriptors.hdr
                0x0000000000000118        0xe /mnt/F/important_linux_tools/Microchip_Tools/xc8/v3.10/avr/bin/../lib/gcc/avr/5.4.0/../../../../avr/lib/avr5/libc.a(__printf_core.o)
 .stack.descriptors.hdr
                0x0000000000000126        0xe /mnt/F/important_linux_tools/Microchip_Tools/xc8/v3.10/avr/bin/../lib/gcc/avr/5.4.0/../../../../avr/lib/avr5/libc.a(fputc.o)
 .stack.descriptors.hdr
                0x0000000000000134        0xe /mnt/F/important_linux_tools/Microchip_Tools/xc8/v3.10/avr/bin/../lib/gcc/avr/5.4.0/../../../../avr/lib/avr5/libc.a(strlen.o)
 .stack.descriptors.hdr
                0x0000000000000142        0xe /mnt/F/important_linux_tools/Microchip_Tools/xc8/v3.10/avr/bin/../lib/gcc/avr/5.4.0/../../../../avr/lib/avr5/libc.a(tolower.o)
 .stack.descriptors.hdr
                0x0000000000000150        0xe /mnt/F/important_linux_tools/Microchip_Tools/xc8/v3.10/avr/bin/../lib/gcc/avr/5.4.0/../../../../avr/lib/avr5/libc.a(toupper.o)
 .stack.descriptors.hdr
                0x000000000000015e        0xe /mnt/F/important_linux_tools/Microchip_Tools/xc8/v3.10/avr/bin/../lib/gcc/avr/5.4.0/../../../../avr/lib/avr5/libc.a(errno.o)
 .stack.descriptors.hdr
                0x000000000000016c        0xe /mnt/F/important_linux_tools/Microchip_Tools/xc8/v3.10/avr/bin/../lib/gcc/avr/5.4.0/../../../../avr/lib/avr5/libc.a(_Exit.o)
 .stack.descriptors.hdr
                0x000000000000017a        0xe /mnt/F/important_linux_tools/Microchip_Tools/xc8/v3.10/avr/bin/../lib/gcc/avr/5.4.0/../../../../avr/lib/avr5/libc.a(__int_vsprintf.o)
 .stack.descriptors.hdr
                0x0000000000000188        0xe /mnt/F/important_linux_tools/Microchip_Tools/xc8/v3.10/avr/bin/../lib/gcc/avr/5.4.0/../../../../avr/lib/avr5/libc.a(__int_vsnprintf.o)
 .stack.descriptors.hdr
                0x0000000000000196        0xe /mnt/F/important_linux_tools/Microchip_Tools/xc8/v3.10/avr/bin/../lib/gcc/avr/5.4.0/../../../../avr/lib/avr5/libc.a(__int_vfprintf.o)
 .stack.descriptors.hdr
                0x00000000000001a4        0xe /mnt/F/important_linux_tools/Microchip_Tools/xc8/v3.10/avr/bin/../lib/gcc/avr/5.4.0/avr5/libgcc.a(_udivmodsi4.o)
 .stack.descriptors.hdr
                0x00000000000001b2        0xe /mnt/F/important_linux_tools/Microchip_Tools/xc8/v3.10/avr/bin/../lib/gcc/avr/5.4.0/avr5/libgcc.a(_exit.o)

.note.GNU-stack
                0x0000000000000000        0x0
 .note.GNU-stack
                0x0000000000000000        0x0 /mnt/F/important_linux_tools/Microchip_Tools/xc8/v3.10/avr/bin/../lib/gcc/avr/5.4.0/../../../../avr/lib/avr5/libm.a(fixunssfsi.o)
 .note.GNU-stack
                0x0000000000000000        0x0 /mnt/F/important_linux_tools/Microchip_Tools/xc8/v3.10/avr/bin/../lib/gcc/avr/5.4.0/../../../../avr/lib/avr5/libm.a(floatsisf.o)
 .note.GNU-stack
                0x0000000000000000        0x0 /mnt/F/important_linux_tools/Microchip_Tools/xc8/v3.10/avr/bin/../lib/gcc/avr/5.4.0/../../../../avr/lib/avr5/libm.a(fp_split3.o)
 .note.GNU-stack
                0x0000000000000000        0x0 /mnt/F/important_linux_tools/Microchip_Tools/xc8/v3.10/avr/bin/../lib/gcc/avr/5.4.0/../../../../avr/lib/avr5/libm.a(fp_zero.o)
 .note.GNU-stack
                0x0000000000000000        0x0 /mnt/F/important_linux_tools/Microchip_Tools/xc8/v3.10/avr/bin/../lib/gcc/avr/5.4.0/../../../../avr/lib/avr5/libm.a(mulsf3.o)
 .note.GNU-stack
                0x0000000000000000        0x0 /mnt/F/important_linux_tools/Microchip_Tools/xc8/v3.10/avr/bin/../lib/gcc/avr/5.4.0/../../../../avr/lib/avr5/libm.a(mulsf3x.o)
 .note.GNU-stack
                0x0000000000000000        0x0 /mnt/F/important_linux_tools/Microchip_Tools/xc8/v3.10/avr/bin/../lib/gcc/avr/5.4.0/../../../../avr/lib/avr5/libm.a(fp_inf.o)
 .note.GNU-stack
                0x0000000000000000        0x0 /mnt/F/important_linux_tools/Microchip_Tools/xc8/v3.10/avr/bin/../lib/gcc/avr/5.4.0/../../../../avr/lib/avr5/libm.a(fp_nan.o)
 .note.GNU-stack
                0x0000000000000000        0x0 /mnt/F/important_linux_tools/Microchip_Tools/xc8/v3.10/avr/bin/../lib/gcc/avr/5.4.0/../../../../avr/lib/avr5/libm.a(fp_pscA.o)
 .note.GNU-stack
                0x0000000000000000        0x0 /mnt/F/important_linux_tools/Microchip_Tools/xc8/v3.10/avr/bin/../lib/gcc/avr/5.4.0/../../../../avr/lib/avr5/libm.a(fp_pscB.o)
 .note.GNU-stack
                0x0000000000000000        0x0 /mnt/F/important_linux_tools/Microchip_Tools/xc8/v3.10/avr/bin/../lib/gcc/avr/5.4.0/../../../../avr/lib/avr5/libm.a(fp_round.o)
 .note.GNU-stack
                0x0000000000000000        0x0 /mnt/F/important_linux_tools/Microchip_Tools/xc8/v3.10/avr/bin/../lib/gcc/avr/5.4.0/../../../../avr/lib/avr5/libc.a(exit.o)
 .note.GNU-stack
                0x0000000000000000        0x0 /mnt/F/important_linux_tools/Microchip_Tools/xc8/v3.10/avr/bin/../lib/gcc/avr/5.4.0/../../../../avr/lib/avr5/libc.a(__sio_sprintf_doux.o)
 .note.GNU-stack
                0x0000000000000000        0x0 /mnt/F/important_linux_tools/Microchip_Tools/xc8/v3.10/avr/bin/../lib/gcc/avr/5.4.0/../../../../avr/lib/avr5/libc.a(__fmt_d.o)
 .note.GNU-stack
                0x0000000000000000        0x0 /mnt/F/important_linux_tools/Microchip_Tools/xc8/v3.10/avr/bin/../lib/gcc/avr/5.4.0/../../../../avr/lib/avr5/libc.a(__fmt_o.o)
 .note.GNU-stack
                0x0000000000000000        0x0 /mnt/F/important_linux_tools/Microchip_Tools/xc8/v3.10/avr/bin/../lib/gcc/avr/5.4.0/../../../../avr/lib/avr5/libc.a(__fmt_s.o)
 .note.GNU-stack
                0x0000000000000000        0x0 /mnt/F/important_linux_tools/Microchip_Tools/xc8/v3.10/avr/bin/../lib/gcc/avr/5.4.0/../../../../avr/lib/avr5/libc.a(__fmt_u.o)
 .note.GNU-stack
                0x0000000000000000        0x0 /mnt/F/important_linux_tools/Microchip_Tools/xc8/v3.10/avr/bin/../lib/gcc/avr/5.4.0/../../../../avr/lib/avr5/libc.a(__fmt_x.o)
 .note.GNU-stack
                0x0000000000000000        0x0 /mnt/F/important_linux_tools/Microchip_Tools/xc8/v3.10/avr/bin/../lib/gcc/avr/5.4.0/../../../../avr/lib/avr5/libc.a(__pop_int.o)
 .note.GNU-stack
                0x0000000000000000        0x0 /mnt/F/important_linux_tools/Microchip_Tools/xc8/v3.10/avr/bin/../lib/gcc/avr/5.4.0/../../../../avr/lib/avr5/libc.a(__printf_core.o)
 .note.GNU-stack
                0x0000000000000000        0x0 /mnt/F/important_linux_tools/Microchip_Tools/xc8/v3.10/avr/bin/../lib/gcc/avr/5.4.0/../../../../avr/lib/avr5/libc.a(fputc.o)
 .note.GNU-stack
                0x0000000000000000        0x0 /mnt/F/important_linux_tools/Microchip_Tools/xc8/v3.10/avr/bin/../lib/gcc/avr/5.4.0/../../../../avr/lib/avr5/libc.a(strlen.o)
 .note.GNU-stack
                0x0000000000000000        0x0 /mnt/F/important_linux_tools/Microchip_Tools/xc8/v3.10/avr/bin/../lib/gcc/avr/5.4.0/../../../../avr/lib/avr5/libc.a(tolower.o)
 .note.GNU-stack
                0x0000000000000000        0x0 /mnt/F/important_linux_tools/Microchip_Tools/xc8/v3.10/avr/bin/../lib/gcc/avr/5.4.0/../../../../avr/lib/avr5/libc.a(toupper.o)
 .note.GNU-stack
                0x0000000000000000        0x0 /mnt/F/important_linux_tools/Microchip_Tools/xc8/v3.10/avr/bin/../lib/gcc/avr/5.4.0/../../../../avr/lib/avr5/libc.a(errno.o)
 .note.GNU-stack
                0x0000000000000000        0x0 /mnt/F/important_linux_tools/Microchip_Tools/xc8/v3.10/avr/bin/../lib/gcc/avr/5.4.0/../../../../avr/lib/avr5/libc.a(_Exit.o)
 .note.GNU-stack
                0x0000000000000000        0x0 /mnt/F/important_linux_tools/Microchip_Tools/xc8/v3.10/avr/bin/../lib/gcc/avr/5.4.0/../../../../avr/lib/avr5/libc.a(__int_vsprintf.o)
 .note.GNU-stack
                0x0000000000000000        0x0 /mnt/F/important_linux_tools/Microchip_Tools/xc8/v3.10/avr/bin/../lib/gcc/avr/5.4.0/../../../../avr/lib/avr5/libc.a(__int_vsnprintf.o)
 .note.GNU-stack
                0x0000000000000000        0x0 /mnt/F/important_linux_tools/Microchip_Tools/xc8/v3.10/avr/bin/../lib/gcc/avr/5.4.0/../../../../avr/lib/avr5/libc.a(__int_vfprintf.o)

.note.gnu.build-id
 *(.note.gnu.build-id)

.debug
 *(.debug)

.line
 *(.line)

.debug_srcinfo
 *(.debug_srcinfo)

.debug_sfnames
 *(.debug_sfnames)

.debug_aranges  0x0000000000000000       0x70
 *(.debug_aranges)
 .debug_aranges
                0x0000000000000000       0x70 build/default/production/carmain.o

.debug_pubnames
 *(.debug_pubnames)

.debug_info     0x0000000000000000      0xbb3
 *(.debug_info .gnu.linkonce.wi.*)
 .debug_info    0x0000000000000000      0x4e6 /mnt/F/important_linux_tools/Microchip_Tools/mplabx/v6.30/packs/Microchip/ATmega_DFP/3.5.296/xc8/avr/lib/avr5/crtatmega32.o
 .debug_info    0x00000000000004e6      0x6cd build/default/production/carmain.o

.debug_abbrev   0x0000000000000000      0x6d8
 *(.debug_abbrev)
 .debug_abbrev  0x0000000000000000      0x4a3 /mnt/F/important_linux_tools/Microchip_Tools/mplabx/v6.30/packs/Microchip/ATmega_DFP/3.5.296/xc8/avr/lib/avr5/crtatmega32.o
 .debug_abbrev  0x00000000000004a3      0x235 build/default/production/carmain.o

.debug_line     0x0000000000000000      0x4ad
 *(.debug_line .debug_line.* .debug_line_end)
 .debug_line    0x0000000000000000      0x116 /mnt/F/important_linux_tools/Microchip_Tools/mplabx/v6.30/packs/Microchip/ATmega_DFP/3.5.296/xc8/avr/lib/avr5/crtatmega32.o
 .debug_line    0x0000000000000116      0x397 build/default/production/carmain.o

.debug_frame    0x0000000000000000       0xe0
 *(.debug_frame)
 .debug_frame   0x0000000000000000       0xe0 build/default/production/carmain.o

.debug_str      0x0000000000000000      0x1bc
 *(.debug_str)
 .debug_str     0x0000000000000000      0x196 /mnt/F/important_linux_tools/Microchip_Tools/mplabx/v6.30/packs/Microchip/ATmega_DFP/3.5.296/xc8/avr/lib/avr5/crtatmega32.o
 .debug_str     0x0000000000000196       0x26 build/default/production/carmain.o

.debug_loc      0x0000000000000000      0x279
 *(.debug_loc)
 .debug_loc     0x0000000000000000      0x279 build/default/production/carmain.o

.debug_macinfo
 *(.debug_macinfo)

.debug_weaknames
 *(.debug_weaknames)

.debug_funcnames
 *(.debug_funcnames)

.debug_typenames
 *(.debug_typenames)

.debug_varnames
 *(.debug_varnames)

.debug_pubtypes
 *(.debug_pubtypes)

.debug_ranges   0x0000000000000000       0x60
 *(.debug_ranges)
 .debug_ranges  0x0000000000000000       0x60 build/default/production/carmain.o

.debug_macro
 *(.debug_macro)
OUTPUT(dist/default/production/final_car_project_v1.X.production.elf elf32-avr)
LOAD linker stubs
LOAD data_init

.note.gnu.avr.deviceinfo
                0x0000000000000000       0x3c
 .note.gnu.avr.deviceinfo
                0x0000000000000000       0x3c /mnt/F/important_linux_tools/Microchip_Tools/mplabx/v6.30/packs/Microchip/ATmega_DFP/3.5.296/xc8/avr/lib/avr5/crtatmega32.o

.text.vfpfcnvrt
                0x00000000000000b4      0x3fc
 .text.vfpfcnvrt
                0x00000000000000b4      0x3fc /mnt/F/important_linux_tools/Microchip_Tools/xc8/v3.10/avr/bin/../lib/gcc/avr/5.4.0/../../../../avr/lib/avr5/libc.a(__printf_core.o)
                0x00000000000000b4                vfpfcnvrt

.text.__fmt_x   0x00000000000004b0      0x1dc
 .text.__fmt_x  0x00000000000004b0      0x1dc /mnt/F/important_linux_tools/Microchip_Tools/xc8/v3.10/avr/bin/../lib/gcc/avr/5.4.0/../../../../avr/lib/avr5/libc.a(__fmt_x.o)
                0x00000000000004b0                __fmt_x
                0x00000000000004b0                __fmt_x_needed

.text.main      0x000000000000068c      0x10a
 .text.main     0x000000000000068c      0x10a build/default/production/carmain.o
                0x000000000000068c                main

.text.__fmt_d   0x0000000000000796       0xe4
 .text.__fmt_d  0x0000000000000796       0xe4 /mnt/F/important_linux_tools/Microchip_Tools/xc8/v3.10/avr/bin/../lib/gcc/avr/5.4.0/../../../../avr/lib/avr5/libc.a(__fmt_d.o)
                0x0000000000000796                __fmt_d_needed
                0x0000000000000796                __fmt_d

.text           0x000000000000087a       0xd4
 .text          0x000000000000087a       0xd4 /mnt/F/important_linux_tools/Microchip_Tools/xc8/v3.10/avr/bin/../lib/gcc/avr/5.4.0/../../../../avr/lib/avr5/libm.a(mulsf3x.o)
                0x000000000000087a                __mulsf3x
                0x00000000000008a0                __mulsf3_pse

.text.__pop_int
                0x000000000000094e       0xd0
 .text.__pop_int
                0x000000000000094e       0xd0 /mnt/F/important_linux_tools/Microchip_Tools/xc8/v3.10/avr/bin/../lib/gcc/avr/5.4.0/../../../../avr/lib/avr5/libc.a(__pop_int.o)
                0x000000000000094e                __pop_int
                0x000000000000094e                __pop_int_needed

.text.__cvt_u   0x0000000000000a1e       0xca
 .text.__cvt_u  0x0000000000000a1e       0xca /mnt/F/important_linux_tools/Microchip_Tools/xc8/v3.10/avr/bin/../lib/gcc/avr/5.4.0/../../../../avr/lib/avr5/libc.a(__fmt_u.o)
                0x0000000000000a1e                __cvt_u

.text.__fmt_o   0x0000000000000ae8       0xb2
 .text.__fmt_o  0x0000000000000ae8       0xb2 /mnt/F/important_linux_tools/Microchip_Tools/xc8/v3.10/avr/bin/../lib/gcc/avr/5.4.0/../../../../avr/lib/avr5/libc.a(__fmt_o.o)
                0x0000000000000ae8                __fmt_o_needed
                0x0000000000000ae8                __fmt_o

.text.fputc     0x0000000000000b9a       0x98
 .text.fputc    0x0000000000000b9a       0x98 /mnt/F/important_linux_tools/Microchip_Tools/xc8/v3.10/avr/bin/../lib/gcc/avr/5.4.0/../../../../avr/lib/avr5/libc.a(fputc.o)
                0x0000000000000b9a                putc
                0x0000000000000b9a                fputc

.text.__fmt_u   0x0000000000000c32       0x8e
 .text.__fmt_u  0x0000000000000c32       0x8e /mnt/F/important_linux_tools/Microchip_Tools/xc8/v3.10/avr/bin/../lib/gcc/avr/5.4.0/../../../../avr/lib/avr5/libc.a(__fmt_u.o)
                0x0000000000000c32                __fmt_u
                0x0000000000000c32                __fmt_u_needed

.text           0x0000000000000cc0       0x7a
 .text          0x0000000000000cc0       0x7a /mnt/F/important_linux_tools/Microchip_Tools/xc8/v3.10/avr/bin/../lib/gcc/avr/5.4.0/../../../../avr/lib/avr5/libm.a(floatsisf.o)
                0x0000000000000cc0                __floatunsisf
                0x0000000000000cc4                __floatsisf

.text.Get_Distance
                0x0000000000000d3a       0x78
 .text.Get_Distance
                0x0000000000000d3a       0x78 build/default/production/carmain.o
                0x0000000000000d3a                Get_Distance

.text.__vsnprintf
                0x0000000000000db2       0x74
 .text.__vsnprintf
                0x0000000000000db2       0x74 /mnt/F/important_linux_tools/Microchip_Tools/xc8/v3.10/avr/bin/../lib/gcc/avr/5.4.0/../../../../avr/lib/avr5/libc.a(__int_vsnprintf.o)
                0x0000000000000db2                __vsnprintf

.text.__pad     0x0000000000000e26       0x72
 .text.__pad    0x0000000000000e26       0x72 /mnt/F/important_linux_tools/Microchip_Tools/xc8/v3.10/avr/bin/../lib/gcc/avr/5.4.0/../../../../avr/lib/avr5/libc.a(__printf_core.o)
                0x0000000000000e26                __pad

.text.__printf_core
                0x0000000000000e98       0x68
 .text.__printf_core
                0x0000000000000e98       0x68 /mnt/F/important_linux_tools/Microchip_Tools/xc8/v3.10/avr/bin/../lib/gcc/avr/5.4.0/../../../../avr/lib/avr5/libc.a(__printf_core.o)
                0x0000000000000e98                __printf_core

.text           0x0000000000000f00       0x5e
 .text          0x0000000000000f00       0x5e /mnt/F/important_linux_tools/Microchip_Tools/xc8/v3.10/avr/bin/../lib/gcc/avr/5.4.0/../../../../avr/lib/avr5/libm.a(fixunssfsi.o)
                0x0000000000000f00                __fixunssfsi

.text.read_prec_or_width
                0x0000000000000f5e       0x5c
 .text.read_prec_or_width
                0x0000000000000f5e       0x5c /mnt/F/important_linux_tools/Microchip_Tools/xc8/v3.10/avr/bin/../lib/gcc/avr/5.4.0/../../../../avr/lib/avr5/libc.a(__printf_core.o)

.text.__fmt_s   0x0000000000000fba       0x54
 .text.__fmt_s  0x0000000000000fba       0x54 /mnt/F/important_linux_tools/Microchip_Tools/xc8/v3.10/avr/bin/../lib/gcc/avr/5.4.0/../../../../avr/lib/avr5/libc.a(__fmt_s.o)
                0x0000000000000fba                __fmt_s_needed
                0x0000000000000fba                __fmt_s
                0x0000000000000fba                __fmt_0_needed

.text           0x000000000000100e       0x44
 .text          0x000000000000100e       0x44 /mnt/F/important_linux_tools/Microchip_Tools/xc8/v3.10/avr/bin/../lib/gcc/avr/5.4.0/../../../../avr/lib/avr5/libm.a(fp_split3.o)
                0x000000000000100e                __fp_split3
                0x000000000000101e                __fp_splitA

.text.libgcc.div
                0x0000000000001052       0x44
 .text.libgcc.div
                0x0000000000001052       0x44 /mnt/F/important_linux_tools/Microchip_Tools/xc8/v3.10/avr/bin/../lib/gcc/avr/5.4.0/avr5/libgcc.a(_udivmodsi4.o)
                0x0000000000001052                __udivmodsi4

.text.__fmt_state
                0x0000000000001096       0x40
 .text.__fmt_state
                0x0000000000001096       0x40 /mnt/F/important_linux_tools/Microchip_Tools/xc8/v3.10/avr/bin/../lib/gcc/avr/5.4.0/../../../../avr/lib/avr5/libc.a(__printf_core.o)
                0x0000000000001096                __fmt_state

.text.__out     0x00000000000010d6       0x3a
 .text.__out    0x00000000000010d6       0x3a /mnt/F/important_linux_tools/Microchip_Tools/xc8/v3.10/avr/bin/../lib/gcc/avr/5.4.0/../../../../avr/lib/avr5/libc.a(__printf_core.o)
                0x00000000000010d6                __out

.text.libgcc.prologue
                0x0000000000001110       0x38
 .text.libgcc.prologue
                0x0000000000001110       0x38 /mnt/F/important_linux_tools/Microchip_Tools/xc8/v3.10/avr/bin/../lib/gcc/avr/5.4.0/avr5/libgcc.a(_prologue.o)
                0x0000000000001110                __prologue_saves__

.text.libgcc.prologue
                0x0000000000001148       0x36
 .text.libgcc.prologue
                0x0000000000001148       0x36 /mnt/F/important_linux_tools/Microchip_Tools/xc8/v3.10/avr/bin/../lib/gcc/avr/5.4.0/avr5/libgcc.a(_epilogue.o)
                0x0000000000001148                __epilogue_restores__

.text.__vfprintf
                0x000000000000117e       0x30
 .text.__vfprintf
                0x000000000000117e       0x30 /mnt/F/important_linux_tools/Microchip_Tools/xc8/v3.10/avr/bin/../lib/gcc/avr/5.4.0/../../../../avr/lib/avr5/libc.a(__int_vfprintf.o)
                0x000000000000117e                __vfprintf

.text.__wrap_sprintf
                0x00000000000011ae       0x24
 .text.__wrap_sprintf
                0x00000000000011ae       0x24 /mnt/F/important_linux_tools/Microchip_Tools/xc8/v3.10/avr/bin/../lib/gcc/avr/5.4.0/../../../../avr/lib/avr5/libc.a(__sio_sprintf_doux.o)
                0x00000000000011ae                _sprintf_cdopuxX

.text           0x00000000000011d2       0x22
 .text          0x00000000000011d2       0x22 /mnt/F/important_linux_tools/Microchip_Tools/xc8/v3.10/avr/bin/../lib/gcc/avr/5.4.0/../../../../avr/lib/avr5/libm.a(fp_round.o)
                0x00000000000011d2                __fp_round

.text.UART_SendString
                0x00000000000011f4       0x1e
 .text.UART_SendString
                0x00000000000011f4       0x1e build/default/production/carmain.o
                0x00000000000011f4                UART_SendString

.text.libgcc.mul
                0x0000000000001212       0x1e
 .text.libgcc.mul
                0x0000000000001212       0x1e /mnt/F/important_linux_tools/Microchip_Tools/xc8/v3.10/avr/bin/../lib/gcc/avr/5.4.0/avr5/libgcc.a(_umulhisi3.o)
                0x0000000000001212                __umulhisi3

.text.strlen    0x0000000000001230       0x1c
 .text.strlen   0x0000000000001230       0x1c /mnt/F/important_linux_tools/Microchip_Tools/xc8/v3.10/avr/bin/../lib/gcc/avr/5.4.0/../../../../avr/lib/avr5/libc.a(strlen.o)
                0x0000000000001230                strlen

.text.ADC_Read  0x000000000000124c       0x16
 .text.ADC_Read
                0x000000000000124c       0x16 build/default/production/carmain.o
                0x000000000000124c                ADC_Read

.text.exit      0x0000000000001262       0x16
 .text.exit     0x0000000000001262       0x16 /mnt/F/important_linux_tools/Microchip_Tools/xc8/v3.10/avr/bin/../lib/gcc/avr/5.4.0/../../../../avr/lib/avr5/libc.a(exit.o)
                0x0000000000001262                exit

.text.toupper   0x0000000000001278       0x12
 .text.toupper  0x0000000000001278       0x12 /mnt/F/important_linux_tools/Microchip_Tools/xc8/v3.10/avr/bin/../lib/gcc/avr/5.4.0/../../../../avr/lib/avr5/libc.a(toupper.o)
                0x0000000000001278                toupper

.text.UART_Init
                0x000000000000128a       0x10
 .text.UART_Init
                0x000000000000128a       0x10 build/default/production/carmain.o
                0x000000000000128a                UART_Init

.text.PWM_Init  0x000000000000129a       0x10
 .text.PWM_Init
                0x000000000000129a       0x10 build/default/production/carmain.o
                0x000000000000129a                PWM_Init

.text.tolower   0x00000000000012aa       0x10
 .text.tolower  0x00000000000012aa       0x10 /mnt/F/important_linux_tools/Microchip_Tools/xc8/v3.10/avr/bin/../lib/gcc/avr/5.4.0/../../../../avr/lib/avr5/libc.a(tolower.o)
                0x00000000000012aa                tolower

.text.Motor_Init
                0x00000000000012ba        0xe
 .text.Motor_Init
                0x00000000000012ba        0xe build/default/production/carmain.o
                0x00000000000012ba                Motor_Init

.text           0x00000000000012c8        0xe
 .text          0x00000000000012c8        0xe /mnt/F/important_linux_tools/Microchip_Tools/xc8/v3.10/avr/bin/../lib/gcc/avr/5.4.0/../../../../avr/lib/avr5/libm.a(fp_zero.o)
                0x00000000000012c8                __fp_zero
                0x00000000000012ca                __fp_szero

.text           0x00000000000012d6        0xe
 .text          0x00000000000012d6        0xe /mnt/F/important_linux_tools/Microchip_Tools/xc8/v3.10/avr/bin/../lib/gcc/avr/5.4.0/../../../../avr/lib/avr5/libm.a(fp_pscA.o)
                0x00000000000012d6                __fp_pscA

.text           0x00000000000012e4        0xe
 .text          0x00000000000012e4        0xe /mnt/F/important_linux_tools/Microchip_Tools/xc8/v3.10/avr/bin/../lib/gcc/avr/5.4.0/../../../../avr/lib/avr5/libm.a(fp_pscB.o)
                0x00000000000012e4                __fp_pscB

.text.__vsprintf
                0x00000000000012f2        0xe
 .text.__vsprintf
                0x00000000000012f2        0xe /mnt/F/important_linux_tools/Microchip_Tools/xc8/v3.10/avr/bin/../lib/gcc/avr/5.4.0/../../../../avr/lib/avr5/libc.a(__int_vsprintf.o)
                0x00000000000012f2                __vsprintf

.text.UART_Receive
                0x0000000000001300        0xc
 .text.UART_Receive
                0x0000000000001300        0xc build/default/production/carmain.o
                0x0000000000001300                UART_Receive

.text           0x000000000000130c        0xc
 .text          0x000000000000130c        0xc /mnt/F/important_linux_tools/Microchip_Tools/xc8/v3.10/avr/bin/../lib/gcc/avr/5.4.0/../../../../avr/lib/avr5/libm.a(fp_inf.o)
                0x000000000000130c                __fp_inf

.text.ADC_Init  0x0000000000001318        0xa
 .text.ADC_Init
                0x0000000000001318        0xa build/default/production/carmain.o
                0x0000000000001318                ADC_Init

.text.UART_SendChar
                0x0000000000001322        0x8
 .text.UART_SendChar
                0x0000000000001322        0x8 build/default/production/carmain.o
                0x0000000000001322                UART_SendChar

.text           0x000000000000132a        0x8
 .text          0x000000000000132a        0x8 /mnt/F/important_linux_tools/Microchip_Tools/xc8/v3.10/avr/bin/../lib/gcc/avr/5.4.0/../../../../avr/lib/avr5/libm.a(mulsf3.o)
                0x000000000000132a                __mulsf3

.text.Ultrasonic_Init
                0x0000000000001332        0x6
 .text.Ultrasonic_Init
                0x0000000000001332        0x6 build/default/production/carmain.o
                0x0000000000001332                Ultrasonic_Init

.text           0x0000000000001338        0x6
 .text          0x0000000000001338        0x6 /mnt/F/important_linux_tools/Microchip_Tools/xc8/v3.10/avr/bin/../lib/gcc/avr/5.4.0/../../../../avr/lib/avr5/libm.a(fp_nan.o)
                0x0000000000001338                __fp_nan

.text           0x000000000000133e        0x4
 .text          0x000000000000133e        0x4 /mnt/F/important_linux_tools/Microchip_Tools/mplabx/v6.30/packs/Microchip/ATmega_DFP/3.5.296/xc8/avr/lib/avr5/crtatmega32.o
                0x000000000000133e                __vector_1
                0x000000000000133e                __vector_12
                0x000000000000133e                __bad_interrupt
                0x000000000000133e                __vector_6
                0x000000000000133e                __vector_3
                0x000000000000133e                __vector_11
                0x000000000000133e                __vector_13
                0x000000000000133e                __vector_17
                0x000000000000133e                __vector_19
                0x000000000000133e                __vector_7
                0x000000000000133e                __vector_5
                0x000000000000133e                __vector_4
                0x000000000000133e                __vector_9
                0x000000000000133e                __vector_2
                0x000000000000133e                __vector_15
                0x000000000000133e                __vector_8
                0x000000000000133e                __vector_14
                0x000000000000133e                __vector_10
                0x000000000000133e                __vector_16
                0x000000000000133e                __vector_18
                0x000000000000133e                __vector_20

.text._Exit     0x0000000000001342        0x4
 .text._Exit    0x0000000000001342        0x4 /mnt/F/important_linux_tools/Microchip_Tools/xc8/v3.10/avr/bin/../lib/gcc/avr/5.4.0/../../../../avr/lib/avr5/libc.a(_Exit.o)
                0x0000000000001342                _Exit

.text.__dummy_fini
                0x0000000000001346        0x2
 .text.__dummy_fini
                0x0000000000001346        0x2 /mnt/F/important_linux_tools/Microchip_Tools/xc8/v3.10/avr/bin/../lib/gcc/avr/5.4.0/../../../../avr/lib/avr5/libc.a(exit.o)
                0x0000000000001346                _fini

.text.__dummy_funcs_on_exit
                0x0000000000001348        0x2
 .text.__dummy_funcs_on_exit
                0x0000000000001348        0x2 /mnt/F/important_linux_tools/Microchip_Tools/xc8/v3.10/avr/bin/../lib/gcc/avr/5.4.0/../../../../avr/lib/avr5/libc.a(exit.o)
                0x0000000000001348                __funcs_on_exit

.text.__dummy_simulator_exit
                0x000000000000134a        0x2
 .text.__dummy_simulator_exit
                0x000000000000134a        0x2 /mnt/F/important_linux_tools/Microchip_Tools/xc8/v3.10/avr/bin/../lib/gcc/avr/5.4.0/../../../../avr/lib/avr5/libc.a(exit.o)
                0x000000000000134a                __simulator_exit

.rodata.state_table
                0x0000000000800062       0x16 load address 0x000000000000134c
 .rodata.state_table
                0x0000000000800062       0x16 /mnt/F/important_linux_tools/Microchip_Tools/xc8/v3.10/avr/bin/../lib/gcc/avr/5.4.0/../../../../avr/lib/avr5/libc.a(__printf_core.o)

.rodata         0x0000000000800078        0xb load address 0x0000000000001362
 .rodata        0x0000000000800078        0xb build/default/production/carmain.o

.rodata.nuls.2781
                0x0000000000800083        0x7 load address 0x000000000000136d
 .rodata.nuls.2781
                0x0000000000800083        0x7 /mnt/F/important_linux_tools/Microchip_Tools/xc8/v3.10/avr/bin/../lib/gcc/avr/5.4.0/../../../../avr/lib/avr5/libc.a(__fmt_s.o)

.rodata.nilstr.2962
                0x000000000080008a        0x6 load address 0x0000000000001374
 .rodata.nilstr.2962
                0x000000000080008a        0x6 /mnt/F/important_linux_tools/Microchip_Tools/xc8/v3.10/avr/bin/../lib/gcc/avr/5.4.0/../../../../avr/lib/avr5/libc.a(__printf_core.o)
